Component: ARM Compiler 5.06 update 6 (build 750) Tool: armlink [4d35ed]

==============================================================================

Section Cross References

    port.o(.emb_text) refers to tasks.o(i.vTaskSwitchContext) for vTaskSwitchContext
    port.o(.emb_text) refers to tasks.o(.data) for pxCurrentTCB
    port.o(i.prvTaskExitError) refers to _printf_percent.o(.ARM.Collect$$_printf_percent$$00000000) for _printf_percent
    port.o(i.prvTaskExitError) refers to _printf_d.o(.ARM.Collect$$_printf_percent$$00000009) for _printf_d
    port.o(i.prvTaskExitError) refers to _printf_s.o(.ARM.Collect$$_printf_percent$$00000014) for _printf_s
    port.o(i.prvTaskExitError) refers to _printf_dec.o(.text) for _printf_int_dec
    port.o(i.prvTaskExitError) refers to _printf_str.o(.text) for _printf_str
    port.o(i.prvTaskExitError) refers to noretval__2printf.o(.text) for __2printf
    port.o(i.prvTaskExitError) refers to port.o(.data) for uxCriticalNesting
    port.o(i.pxPortInitialiseStack) refers to port.o(i.prvTaskExitError) for prvTaskExitError
    port.o(i.vPortEndScheduler) refers to _printf_percent.o(.ARM.Collect$$_printf_percent$$00000000) for _printf_percent
    port.o(i.vPortEndScheduler) refers to _printf_d.o(.ARM.Collect$$_printf_percent$$00000009) for _printf_d
    port.o(i.vPortEndScheduler) refers to _printf_s.o(.ARM.Collect$$_printf_percent$$00000014) for _printf_s
    port.o(i.vPortEndScheduler) refers to _printf_dec.o(.text) for _printf_int_dec
    port.o(i.vPortEndScheduler) refers to _printf_str.o(.text) for _printf_str
    port.o(i.vPortEndScheduler) refers to noretval__2printf.o(.text) for __2printf
    port.o(i.vPortEndScheduler) refers to port.o(.data) for uxCriticalNesting
    port.o(i.vPortEnterCritical) refers to _printf_percent.o(.ARM.Collect$$_printf_percent$$00000000) for _printf_percent
    port.o(i.vPortEnterCritical) refers to _printf_d.o(.ARM.Collect$$_printf_percent$$00000009) for _printf_d
    port.o(i.vPortEnterCritical) refers to _printf_s.o(.ARM.Collect$$_printf_percent$$00000014) for _printf_s
    port.o(i.vPortEnterCritical) refers to _printf_dec.o(.text) for _printf_int_dec
    port.o(i.vPortEnterCritical) refers to _printf_str.o(.text) for _printf_str
    port.o(i.vPortEnterCritical) refers to noretval__2printf.o(.text) for __2printf
    port.o(i.vPortEnterCritical) refers to port.o(.data) for uxCriticalNesting
    port.o(i.vPortExitCritical) refers to _printf_percent.o(.ARM.Collect$$_printf_percent$$00000000) for _printf_percent
    port.o(i.vPortExitCritical) refers to _printf_d.o(.ARM.Collect$$_printf_percent$$00000009) for _printf_d
    port.o(i.vPortExitCritical) refers to _printf_s.o(.ARM.Collect$$_printf_percent$$00000014) for _printf_s
    port.o(i.vPortExitCritical) refers to _printf_dec.o(.text) for _printf_int_dec
    port.o(i.vPortExitCritical) refers to _printf_str.o(.text) for _printf_str
    port.o(i.vPortExitCritical) refers to noretval__2printf.o(.text) for __2printf
    port.o(i.vPortExitCritical) refers to port.o(.data) for uxCriticalNesting
    port.o(i.vPortSetupTimerInterrupt) refers to system_stm32f10x.o(.data) for SystemCoreClock
    port.o(i.vPortSetupTimerInterrupt) refers to port.o(.data) for ulTimerCountsForOneTick
    port.o(i.vPortSuppressTicksAndSleep) refers to tasks.o(i.eTaskConfirmSleepModeStatus) for eTaskConfirmSleepModeStatus
    port.o(i.vPortSuppressTicksAndSleep) refers to port.o(i.vPortEnterCritical) for vPortEnterCritical
    port.o(i.vPortSuppressTicksAndSleep) refers to tasks.o(i.vTaskStepTick) for vTaskStepTick
    port.o(i.vPortSuppressTicksAndSleep) refers to port.o(i.vPortExitCritical) for vPortExitCritical
    port.o(i.vPortSuppressTicksAndSleep) refers to port.o(.data) for xMaximumPossibleSuppressedTicks
    port.o(i.vPortValidateInterruptPriority) refers to _printf_percent.o(.ARM.Collect$$_printf_percent$$00000000) for _printf_percent
    port.o(i.vPortValidateInterruptPriority) refers to _printf_d.o(.ARM.Collect$$_printf_percent$$00000009) for _printf_d
    port.o(i.vPortValidateInterruptPriority) refers to _printf_s.o(.ARM.Collect$$_printf_percent$$00000014) for _printf_s
    port.o(i.vPortValidateInterruptPriority) refers to _printf_dec.o(.text) for _printf_int_dec
    port.o(i.vPortValidateInterruptPriority) refers to _printf_str.o(.text) for _printf_str
    port.o(i.vPortValidateInterruptPriority) refers to port.o(.emb_text) for vPortGetIPSR
    port.o(i.vPortValidateInterruptPriority) refers to noretval__2printf.o(.text) for __2printf
    port.o(i.vPortValidateInterruptPriority) refers to port.o(.data) for ucMaxSysCallPriority
    port.o(i.xPortStartScheduler) refers to port.o(i.vPortSetupTimerInterrupt) for vPortSetupTimerInterrupt
    port.o(i.xPortStartScheduler) refers to port.o(.emb_text) for __asm___6_port_c_39a90d8d__prvStartFirstTask
    port.o(i.xPortStartScheduler) refers to port.o(.data) for ucMaxSysCallPriority
[...]
    .ARM.Collect$$libshutdown$$00000010      0x080001ca   Section        2  libshutdown2.o(.ARM.Collect$$libshutdown$$00000010)
    .ARM.Collect$$rtentry$$00000000          0x080001cc   Section        0  __rtentry.o(.ARM.Collect$$rtentry$$00000000)
    .ARM.Collect$$rtentry$$00000002          0x080001cc   Section        0  __rtentry2.o(.ARM.Collect$$rtentry$$00000002)
    .ARM.Collect$$rtentry$$00000004          0x080001cc   Section        6  __rtentry4.o(.ARM.Collect$$rtentry$$00000004)
    .ARM.Collect$$rtentry$$00000009          0x080001d2   Section        0  __rtentry2.o(.ARM.Collect$$rtentry$$00000009)
    .ARM.Collect$$rtentry$$0000000A          0x080001d2   Section        4  __rtentry2.o(.ARM.Collect$$rtentry$$0000000A)
    .ARM.Collect$$rtentry$$0000000C          0x080001d6   Section        0  __rtentry2.o(.ARM.Collect$$rtentry$$0000000C)
    .ARM.Collect$$rtentry$$0000000D          0x080001d6   Section        8  __rtentry2.o(.ARM.Collect$$rtentry$$0000000D)
    .ARM.Collect$$rtexit$$00000000           0x080001de   Section        2  rtexit.o(.ARM.Collect$$rtexit$$00000000)
    .ARM.Collect$$rtexit$$00000002           0x080001e0   Section        0  rtexit2.o(.ARM.Collect$$rtexit$$00000002)
    .ARM.Collect$$rtexit$$00000003           0x080001e0   Section        4  rtexit2.o(.ARM.Collect$$rtexit$$00000003)
    .ARM.Collect$$rtexit$$00000004           0x080001e4   Section        6  rtexit2.o(.ARM.Collect$$rtexit$$00000004)
    .emb_text                                0x080001ec   Section      150  port.o(.emb_text)
    .emb_text                                0x08000284   Section        0  maybetermalloc1.o(.emb_text)
    .text                                    0x08000284   Section       64  startup_stm32f10x_hd.o(.text)
    .text                                    0x080002c4   Section        0  noretval__2printf.o(.text)
    .text                                    0x080002dc   Section        0  __printf.o(.text)
    .text                                    0x08000344   Section        0  _printf_str.o(.text)
    .text                                    0x08000398   Section        0  _printf_dec.o(.text)
    .text                                    0x08000410   Section      138  rt_memcpy_v6.o(.text)
    .text                                    0x0800049a   Section        0  heapauxi.o(.text)
    .text                                    0x080004a0   Section        0  _printf_intcommon.o(.text)
    .text                                    0x08000552   Section        0  _printf_char.o(.text)
    .text                                    0x08000580   Section        0  _printf_char_file.o(.text)
    .text                                    0x080005a4   Section      100  rt_memcpy_w.o(.text)
    .text                                    0x08000608   Section        0  _printf_char_common.o(.text)
    _printf_input_char                       0x08000609   Thumb Code    10  _printf_char_common.o(.text)
    .text                                    0x08000638   Section        0  ferror.o(.text)
    .text                                    0x08000640   Section        0  initio.o(.text)
    .text                                    0x08000778   Section        0  sys_io.o(.text)
    .text                                    0x080007de   Section       74  sys_stackheap_outer.o(.text)
    .text                                    0x08000828   Section        0  h1_free.o(.text)
    .text                                    0x08000876   Section        0  setvbuf.o(.text)
    .text                                    0x080008bc   Section        0  fopen.o(.text)
    _freopen_locked                          0x080008bd   Thumb Code     0  fopen.o(.text)
    .text                                    0x080009a8   Section        0  fclose.o(.text)
    .text                                    0x080009f4   Section        0  exit.o(.text)
    .text                                    0x08000a06   Section        0  defsig_rtred_outer.o(.text)
    .text                                    0x08000a14   Section       78  rt_memclr_w.o(.text)
    .text                                    0x08000a64   Section        8  libspace.o(.text)
    .text                                    0x08000a6c   Section        2  use_no_semi.o(.text)
    .text                                    0x08000a6e   Section        0  indicate_semi.o(.text)
    .text                                    0x08000a70   Section        8  rt_heap_descriptor_intlibspace.o(.text)
    .text                                    0x08000a78   Section        0  hguard.o(.text)
    .text                                    0x08000a7c   Section        0  init_alloc.o(.text)
    .text                                    0x08000b06   Section        0  h1_alloc.o(.text)
    .text                                    0x08000b64   Section        0  fseek.o(.text)
    .text                                    0x08000c5c   Section        0  stdio.o(.text)
    .text                                    0x08000d4c   Section        0  defsig_exit.o(.text)
    .text                                    0x08000d58   Section        0  defsig_rtred_inner.o(.text)
    .text                                    0x08000d8c   Section        0  strlen.o(.text)
    .text                                    0x08000dcc   Section        0  sys_exit.o(.text)
    .text                                    0x08000dd8   Section        0  h1_init.o(.text)
    .text                                    0x08000de6   Section        0  h1_extend.o(.text)
    .text                                    0x08000e1a   Section        0  ftell.o(.text)
    .text                                    0x08000e5c   Section        0  defsig_general.o(.text)
    .text                                    0x08000e8e   Section        0  defsig_rtmem_outer.o(.text)
    .text                                    0x08000e9c   Section        0  sys_wrch.o(.text)
    .text                                    0x08000eac   Section        8  rt_errno_addr_intlibspace.o(.text)
    .text                                    0x08000eb4   Section        0  defsig_rtmem_inner.o(.text)
    i.AppTaskCreate                          0x08000f04   Section        0  main.o(i.AppTaskCreate)
    AppTaskCreate                            0x08000f05   Thumb Code    68  main.o(i.AppTaskCreate)
    i.BSP_Init                               0x08000fb0   Section        0  main.o(i.BSP_Init)
    BSP_Init                                 0x08000fb1   Thumb Code    20  main.o(i.BSP_Init)
    i.BusFault_Handler                       0x08000fc4   Section        0  stm32f10x_it.o(i.BusFault_Handler)
    i.DebugMon_Handler                       0x08000fc8   Section        0  stm32f10x_it.o(i.DebugMon_Handler)
    i.GPIO_Init                              0x08000fca   Section        0  stm32f10x_gpio.o(i.GPIO_Init)
    i.GPIO_SetBits                           0x080010e0   Section        0  stm32f10x_gpio.o(i.GPIO_SetBits)
    i.HardFault_Handler                      0x080010e4   Section        0  stm32f10x_it.o(i.HardFault_Handler)
    i.LED_GPIO_Config                        0x080010e8   Section        0  bsp_led.o(i.LED_GPIO_Config)
    i.LED_Task                               0x08001134   Section        0  main.o(i.LED_Task)
    LED_Task                                 0x08001135   Thumb Code    46  main.o(i.LED_Task)
    i.MemManage_Handler                      0x080011a8   Section        0  stm32f10x_it.o(i.MemManage_Handler)
    i.NMI_Handler                            0x080011ac   Section        0  stm32f10x_it.o(i.NMI_Handler)
    i.NVIC_PriorityGroupConfig               0x080011b0   Section        0  misc.o(i.NVIC_PriorityGroupConfig)
    i.RCC_APB2PeriphClockCmd                 0x080011c4   Section        0  stm32f10x_rcc.o(i.RCC_APB2PeriphClockCmd)
    i.RCC_GetClocksFreq                      0x080011e4   Section        0  stm32f10x_rcc.o(i.RCC_GetClocksFreq)
    i.SetSysClock                            0x080012b8   Section        0  system_stm32f10x.o(i.SetSysClock)
    SetSysClock                              0x080012b9   Thumb Code     8  system_stm32f10x.o(i.SetSysClock)
    i.SetSysClockTo72                        0x080012c0   Section        0  system_stm32f10x.o(i.SetSysClockTo72)
    SetSysClockTo72                          0x080012c1   Thumb Code   214  system_stm32f10x.o(i.SetSysClockTo72)
    i.SysTick_Handler                        0x080013a0   Section        0  stm32f10x_it.o(i.SysTick_Handler)
    i.SystemInit                             0x080013b0   Section        0  system_stm32f10x.o(i.SystemInit)
    i.USART_Cmd                              0x08001410   Section        0  stm32f10x_usart.o(i.USART_Cmd)
    i.USART_Config                           0x08001428   Section        0  bsp_usart.o(i.USART_Config)
    i.USART_GetFlagStatus                    0x080014a8   Section        0  stm32f10x_usart.o(i.USART_GetFlagStatus)
    i.USART_Init                             0x080014c4   Section        0  stm32f10x_usart.o(i.USART_Init)
    i.USART_SendData                         0x0800159c   Section        0  stm32f10x_usart.o(i.USART_SendData)
    i.UsageFault_Handler                     0x080015a4   Section        0  stm32f10x_it.o(i.UsageFault_Handler)
    i.eTaskConfirmSleepModeStatus            0x080015a8   Section        0  tasks.o(i.eTaskConfirmSleepModeStatus)
    i.fputc                                  0x080015e4   Section        0  bsp_usart.o(i.fputc)
    i.main                                   0x08001608   Section        0  main.o(i.main)
    i.prvAddCurrentTaskToDelayedList         0x08001680   Section        0  tasks.o(i.prvAddCurrentTaskToDelayedList)
    prvAddCurrentTaskToDelayedList           0x08001681   Thumb Code   124  tasks.o(i.prvAddCurrentTaskToDelayedList)
    i.prvAddNewTaskToReadyList               0x08001718   Section        0  tasks.o(i.prvAddNewTaskToReadyList)
    prvAddNewTaskToReadyList                 0x08001719   Thumb Code   150  tasks.o(i.prvAddNewTaskToReadyList)
    i.prvCheckForValidListAndQueue           0x080017cc   Section        0  timers.o(i.prvCheckForValidListAndQueue)
    prvCheckForValidListAndQueue             0x080017cd   Thumb Code    78  timers.o(i.prvCheckForValidListAndQueue)
    i.prvCheckTasksWaitingTermination        0x08001840   Section        0  tasks.o(i.prvCheckTasksWaitingTermination)
    prvCheckTasksWaitingTermination          0x08001841   Thumb Code    86  tasks.o(i.prvCheckTasksWaitingTermination)
    i.prvCopyDataFromQueue                   0x080018a4   Section        0  queue.o(i.prvCopyDataFromQueue)
    prvCopyDataFromQueue                     0x080018a5   Thumb Code    42  queue.o(i.prvCopyDataFromQueue)
    i.prvCopyDataToQueue                     0x080018ce   Section        0  queue.o(i.prvCopyDataToQueue)
    prvCopyDataToQueue                       0x080018cf   Thumb Code   124  queue.o(i.prvCopyDataToQueue)
    i.prvDeleteTCB                           0x0800194c   Section        0  tasks.o(i.prvDeleteTCB)
    prvDeleteTCB                             0x0800194d   Thumb Code    70  tasks.o(i.prvDeleteTCB)
    i.prvGetExpectedIdleTime                 0x080019bc   Section        0  tasks.o(i.prvGetExpectedIdleTime)
    prvGetExpectedIdleTime                   0x080019bd   Thumb Code    56  tasks.o(i.prvGetExpectedIdleTime)
    i.prvGetNextExpireTime                   0x08001a08   Section        0  timers.o(i.prvGetNextExpireTime)
    prvGetNextExpireTime                     0x08001a09   Thumb Code    36  timers.o(i.prvGetNextExpireTime)
    i.prvIdleTask                            0x08001a30   Section        0  tasks.o(i.prvIdleTask)
    prvIdleTask                              0x08001a31   Thumb Code    98  tasks.o(i.prvIdleTask)
    i.prvInitialiseNewQueue                  0x08001acc   Section        0  queue.o(i.prvInitialiseNewQueue)
    prvInitialiseNewQueue                    0x08001acd   Thumb Code    42  queue.o(i.prvInitialiseNewQueue)
    i.prvInitialiseNewTask                   0x08001af8   Section        0  tasks.o(i.prvInitialiseNewTask)
    prvInitialiseNewTask                     0x08001af9   Thumb Code   160  tasks.o(i.prvInitialiseNewTask)
    i.prvInitialiseTaskLists                 0x08001bc0   Section        0  tasks.o(i.prvInitialiseTaskLists)
    prvInitialiseTaskLists                   0x08001bc1   Thumb Code    70  tasks.o(i.prvInitialiseTaskLists)
    i.prvInsertBlockIntoFreeList             0x08001c28   Section        0  heap_4.o(i.prvInsertBlockIntoFreeList)
    prvInsertBlockIntoFreeList               0x08001c29   Thumb Code    96  heap_4.o(i.prvInsertBlockIntoFreeList)
    i.prvInsertTimerInActiveList             0x08001c90   Section        0  timers.o(i.prvInsertTimerInActiveList)
    prvInsertTimerInActiveList               0x08001c91   Thumb Code    80  timers.o(i.prvInsertTimerInActiveList)
    i.prvIsQueueEmpty                        0x08001ce8   Section        0  queue.o(i.prvIsQueueEmpty)
    prvIsQueueEmpty                          0x08001ce9   Thumb Code    26  queue.o(i.prvIsQueueEmpty)
    i.prvIsQueueFull                         0x08001d02   Section        0  queue.o(i.prvIsQueueFull)
    prvIsQueueFull                           0x08001d03   Thumb Code    30  queue.o(i.prvIsQueueFull)
    i.prvNotifyQueueSetContainer             0x08001d20   Section        0  queue.o(i.prvNotifyQueueSetContainer)
    prvNotifyQueueSetContainer               0x08001d21   Thumb Code   124  queue.o(i.prvNotifyQueueSetContainer)
    i.prvProcessExpiredTimer                 0x08001dc4   Section        0  timers.o(i.prvProcessExpiredTimer)
    prvProcessExpiredTimer                   0x08001dc5   Thumb Code    84  timers.o(i.prvProcessExpiredTimer)
    i.prvProcessReceivedCommands             0x08001e48   Section        0  timers.o(i.prvProcessReceivedCommands)
    prvProcessReceivedCommands               0x08001e49   Thumb Code   260  timers.o(i.prvProcessReceivedCommands)
    i.prvProcessTimerOrBlockTask             0x08001f7c   Section        0  timers.o(i.prvProcessTimerOrBlockTask)
    prvProcessTimerOrBlockTask               0x08001f7d   Thumb Code   102  timers.o(i.prvProcessTimerOrBlockTask)
    i.prvResetNextTaskUnblockTime            0x08001ff0   Section        0  tasks.o(i.prvResetNextTaskUnblockTime)
    prvResetNextTaskUnblockTime              0x08001ff1   Thumb Code    42  tasks.o(i.prvResetNextTaskUnblockTime)
    i.prvSampleTimeNow                       0x08002024   Section        0  timers.o(i.prvSampleTimeNow)
    prvSampleTimeNow                         0x08002025   Thumb Code    40  timers.o(i.prvSampleTimeNow)
    i.prvSwitchTimerLists                    0x08002050   Section        0  timers.o(i.prvSwitchTimerLists)
    prvSwitchTimerLists                      0x08002051   Thumb Code   140  timers.o(i.prvSwitchTimerLists)
    i.prvTaskExitError                       0x08002110   Section        0  port.o(i.prvTaskExitError)
    prvTaskExitError                         0x08002111   Thumb Code    48  port.o(i.prvTaskExitError)
    i.prvTimerTask                           0x0800217c   Section        0  timers.o(i.prvTimerTask)
    prvTimerTask                             0x0800217d   Thumb Code    26  timers.o(i.prvTimerTask)
    i.prvUnlockQueue                         0x08002196   Section        0  queue.o(i.prvUnlockQueue)
    prvUnlockQueue                           0x08002197   Thumb Code   146  queue.o(i.prvUnlockQueue)
    i.pvTaskIncrementMutexHeldCount          0x08002228   Section        0  tasks.o(i.pvTaskIncrementMutexHeldCount)
    i.pxPortInitialiseStack                  0x08002248   Section        0  port.o(i.pxPortInitialiseStack)
    i.uxListRemove                           0x0800226c   Section        0  list.o(i.uxListRemove)
    i.vApplicationGetIdleTaskMemory          0x08002294   Section        0  main.o(i.vApplicationGetIdleTaskMemory)
    i.vApplicationGetTimerTaskMemory         0x080022ac   Section        0  main.o(i.vApplicationGetTimerTaskMemory)
    i.vListInitialise                        0x080022c4   Section        0  list.o(i.vListInitialise)
    i.vListInitialiseItem                    0x080022de   Section        0  list.o(i.vListInitialiseItem)
    i.vListInsert                            0x080022e4   Section        0  list.o(i.vListInsert)
    i.vListInsertEnd                         0x08002318   Section        0  list.o(i.vListInsertEnd)
    i.vPortEnterCritical                     0x08002330   Section        0  port.o(i.vPortEnterCritical)
    i.vPortExitCritical                      0x080023b4   Section        0  port.o(i.vPortExitCritical)
    i.vPortFree                              0x08002420   Section        0  heap_4.o(i.vPortFree)
    i.vPortSetupTimerInterrupt               0x080024d4   Section        0  port.o(i.vPortSetupTimerInterrupt)
    i.vPortSuppressTicksAndSleep             0x08002530   Section        0  port.o(i.vPortSuppressTicksAndSleep)
    i.vPortValidateInterruptPriority         0x0800267c   Section        0  port.o(i.vPortValidateInterruptPriority)
    i.vQueueAddToRegistry                    0x08002718   Section        0  queue.o(i.vQueueAddToRegistry)
    i.vQueueWaitForMessageRestricted         0x08002744   Section        0  queue.o(i.vQueueWaitForMessageRestricted)
    i.vTaskDelay                             0x08002790   Section        0  tasks.o(i.vTaskDelay)
    i.vTaskDelete                            0x08002808   Section        0  tasks.o(i.vTaskDelete)
    i.vTaskMissedYield                       0x08002918   Section        0  tasks.o(i.vTaskMissedYield)
    i.vTaskPlaceOnEventList                  0x08002924   Section        0  tasks.o(i.vTaskPlaceOnEventList)
    i.vTaskPlaceOnEventListRestricted        0x0800297c   Section        0  tasks.o(i.vTaskPlaceOnEventListRestricted)
    i.vTaskPriorityInherit                   0x080029dc   Section        0  tasks.o(i.vTaskPriorityInherit)
    i.vTaskSetTimeOutState                   0x08002a8c   Section        0  tasks.o(i.vTaskSetTimeOutState)
    i.vTaskStartScheduler                    0x08002adc   Section        0  tasks.o(i.vTaskStartScheduler)
    i.vTaskStepTick                          0x08002bb4   Section        0  tasks.o(i.vTaskStepTick)
    i.vTaskSuspendAll                        0x08002c18   Section        0  tasks.o(i.vTaskSuspendAll)
    i.vTaskSwitchContext                     0x08002c28   Section        0  tasks.o(i.vTaskSwitchContext)
    i.xPortStartScheduler                    0x08002cd4   Section        0  port.o(i.xPortStartScheduler)
    i.xPortSysTickHandler                    0x08002d74   Section        0  port.o(i.xPortSysTickHandler)
    i.xQueueGenericCreateStatic              0x08002da8   Section        0  queue.o(i.xQueueGenericCreateStatic)
    i.xQueueGenericReceive                   0x08002e7c   Section        0  queue.o(i.xQueueGenericReceive)
    i.xQueueGenericReset                     0x08003048   Section        0  queue.o(i.xQueueGenericReset)
    i.xQueueGenericSend                      0x080030fc   Section        0  queue.o(i.xQueueGenericSend)
    i.xQueueGenericSendFromISR               0x080032c4   Section        0  queue.o(i.xQueueGenericSendFromISR)
    i.xTaskCheckForTimeOut                   0x080033d8   Section        0  tasks.o(i.xTaskCheckForTimeOut)
    i.xTaskCreateStatic                      0x0800347c   Section        0  tasks.o(i.xTaskCreateStatic)
    i.xTaskGetSchedulerState                 0x08003520   Section        0  tasks.o(i.xTaskGetSchedulerState)
    i.xTaskGetTickCount                      0x08003540   Section        0  tasks.o(i.xTaskGetTickCount)
    i.xTaskIncrementTick                     0x0800354c   Section        0  tasks.o(i.xTaskIncrementTick)
    i.xTaskPriorityDisinherit                0x080036b0   Section        0  tasks.o(i.xTaskPriorityDisinherit)
    i.xTaskRemoveFromEventList               0x0800378c   Section        0  tasks.o(i.xTaskRemoveFromEventList)
    i.xTaskResumeAll                         0x08003848   Section        0  tasks.o(i.xTaskResumeAll)
    i.xTimerCreateTimerTask                  0x0800396c   Section        0  timers.o(i.xTimerCreateTimerTask)
    i.xTimerGenericCommand                   0x08003a08   Section        0  timers.o(i.xTimerGenericCommand)
    .constdata                               0x08003ab0   Section        4  sys_io.o(.constdata)
    .constdata                               0x08003ab4   Section        4  sys_io.o(.constdata)
    .constdata                               0x08003ab8   Section        4  sys_io.o(.constdata)
    .data                                    0x20000000   Section       24  port.o(.data)
    uxCriticalNesting                        0x20000000   Data           4  port.o(.data)
    ulTimerCountsForOneTick                  0x20000004   Data           4  port.o(.data)
    xMaximumPossibleSuppressedTicks          0x20000008   Data           4  port.o(.data)
    ulStoppedTimerCompensation               0x2000000c   Data           4  port.o(.data)
    ucMaxSysCallPriority                     0x20000010   Data           1  port.o(.data)
    ulMaxPRIGROUPValue                       0x20000014   Data           4  port.o(.data)
    .data                                    0x20000018   Section       24  heap_4.o(.data)
    xStart                                   0x20000018   Data           8  heap_4.o(.data)
    pxEnd                                    0x20000020   Data           4  heap_4.o(.data)
    xFreeBytesRemaining                      0x20000024   Data           4  heap_4.o(.data)
    xMinimumEverFreeBytesRemaining           0x20000028   Data           4  heap_4.o(.data)
    xBlockAllocatedBit                       0x2000002c   Data           4  heap_4.o(.data)
    .data                                    0x20000030   Section       60  tasks.o(.data)
    pxDelayedTaskList                        0x20000034   Data           4  tasks.o(.data)
    pxOverflowDelayedTaskList                0x20000038   Data           4  tasks.o(.data)
    uxDeletedTasksWaitingCleanUp             0x2000003c   Data           4  tasks.o(.data)
    uxCurrentNumberOfTasks                   0x20000040   Data           4  tasks.o(.data)
    xTickCount                               0x20000044   Data           4  tasks.o(.data)
    uxTopReadyPriority                       0x20000048   Data           4  tasks.o(.data)
    xSchedulerRunning                        0x2000004c   Data           4  tasks.o(.data)
    uxPendedTicks                            0x20000050   Data           4  tasks.o(.data)
    xYieldPending                            0x20000054   Data           4  tasks.o(.data)
    xNumOfOverflows                          0x20000058   Data           4  tasks.o(.data)
    uxTaskNumber                             0x2000005c   Data           4  tasks.o(.data)
    xNextTaskUnblockTime                     0x20000060   Data           4  tasks.o(.data)
    xIdleTaskHandle                          0x20000064   Data           4  tasks.o(.data)
    uxSchedulerSuspended                     0x20000068   Data           4  tasks.o(.data)
    .data                                    0x2000006c   Section       20  timers.o(.data)
    pxCurrentTimerList                       0x2000006c   Data           4  timers.o(.data)
    pxOverflowTimerList                      0x20000070   Data           4  timers.o(.data)
    xTimerQueue                              0x20000074   Data           4  timers.o(.data)
    xTimerTaskHandle                         0x20000078   Data           4  timers.o(.data)
    xLastTime                                0x2000007c   Data           4  timers.o(.data)
    .data                                    0x20000080   Section       20  system_stm32f10x.o(.data)
    .data                                    0x20000094   Section       20  stm32f10x_rcc.o(.data)
    APBAHBPrescTable                         0x20000094   Data          16  stm32f10x_rcc.o(.data)
    ADCPrescTable                            0x200000a4   Data           4  stm32f10x_rcc.o(.data)
    .data                                    0x200000a8   Section        8  main.o(.data)
    AppTaskCreate_Handle                     0x200000a8   Data           4  main.o(.data)
    LED_Task_Handle                          0x200000ac   Data           4  main.o(.data)
    .data                                    0x200000b0   Section        4  stdio_streams.o(.data)
    .data                                    0x200000b4   Section        4  stdio_streams.o(.data)
    .data                                    0x200000b8   Section        4  stdio_streams.o(.data)
    .bss                                     0x200000bc   Section       80  queue.o(.bss)
    .bss                                     0x2000010c   Section      740  tasks.o(.bss)
    pxReadyTasksLists                        0x2000010c   Data         640  tasks.o(.bss)
    xDelayedTaskList1                        0x2000038c   Data          20  tasks.o(.bss)
    xDelayedTaskList2                        0x200003a0   Data          20  tasks.o(.bss)
    xPendingReadyList                        0x200003b4   Data          20  tasks.o(.bss)
    xTasksWaitingTermination                 0x200003c8   Data          20  tasks.o(.bss)
    xSuspendedTaskList                       0x200003dc   Data          20  tasks.o(.bss)
    .bss                                     0x200003f0   Section      276  timers.o(.bss)
    xActiveTimerList1                        0x200003f0   Data          20  timers.o(.bss)
    xActiveTimerList2                        0x20000404   Data          20  timers.o(.bss)
    xStaticTimerQueue                        0x20000418   Data          76  timers.o(.bss)
    ucStaticTimerQueueStorage                0x20000464   Data         160  timers.o(.bss)
    .bss                                     0x20000504   Section     2896  main.o(.bss)
    AppTaskCreate_Stack                      0x20000504   Data         512  main.o(.bss)
    LED_Task_Stack                           0x20000704   Data         512  main.o(.bss)
    AppTaskCreate_TCB                        0x20000904   Data          84  main.o(.bss)
    LED_Task_TCB                             0x20000958   Data          84  main.o(.bss)
    Idle_Task_Stack                          0x200009ac   Data         512  main.o(.bss)
    Timer_Task_Stack                         0x20000bac   Data        1024  main.o(.bss)
    Idle_Task_TCB                            0x20000fac   Data          84  main.o(.bss)
    Timer_Task_TCB                           0x20001000   Data          84  main.o(.bss)
    .bss                                     0x20001054   Section       84  stdio_streams.o(.bss)
    .bss                                     0x200010a8   Section       84  stdio_streams.o(.bss)
    .bss                                     0x200010fc   Section       84  stdio_streams.o(.bss)
    .bss                                     0x20001150   Section       96  libspace.o(.bss)
    HEAP                                     0x200011b0   Section      512  startup_stm32f10x_hd.o(HEAP)
    Heap_Mem                                 0x200011b0   Data         512  startup_stm32f10x_hd.o(HEAP)
    STACK                                    0x200013b0   Section     1024  startup_stm32f10x_hd.o(STACK)
    Stack_Mem                                0x200013b0   Data        1024  startup_stm32f10x_hd.o(STACK)
    __initial_sp                             0x200017b0   Data           0  startup_stm32f10x_hd.o(STACK)

    Global Symbols

    Symbol Name                              Value     Ov Type        Size  Object(Section)

    BuildAttributes$$THM_ISAv4$P$D$K$B$S$PE$A:L22UL41UL21$X:L11$S22US41US21$IEEE1$IW$USESV6$~STKCKD$USESV7$~SHL$OTIME$ROPI$EBA8$UX$STANDARDLIB$REQ8$PRES8$EABIv2 0x00000000   Number         0  anon$$obj.o ABSOLUTE
    __ARM_use_no_argv                        0x00000000   Number         0  main.o ABSOLUTE
    __ARM_exceptions_init                     - Undefined Weak Reference
    __alloca_initialize                       - Undefined Weak Reference
    __arm_preinit_                            - Undefined Weak Reference
    __cpp_initialize__aeabi_                  - Undefined Weak Reference
    __cxa_finalize                            - Undefined Weak Reference
    __rt_locale                               - Undefined Weak Reference
    __sigvec_lookup                           - Undefined Weak Reference
    __user_heap_extent                        - Undefined Weak Reference
    _atexit_init                              - Undefined Weak Reference
    _call_atexit_fns                          - Undefined Weak Reference
    _clock_init                               - Undefined Weak Reference
    _fp_trap_init                             - Undefined Weak Reference
    _fp_trap_shutdown                         - Undefined Weak Reference
    _get_lc_collate                           - Undefined Weak Reference
    _get_lc_ctype                             - Undefined Weak Reference
    _get_lc_monetary                          - Undefined Weak Reference
    _get_lc_numeric                           - Undefined Weak Reference
    _get_lc_time                              - Undefined Weak Reference
    _getenv_init                              - Undefined Weak Reference
    _handle_redirection                       - Undefined Weak Reference
    _mutex_acquire                            - Undefined Weak Reference
    _mutex_free                               - Undefined Weak Reference
    _mutex_release                            - Undefined Weak Reference
    _printf_mbtowc                            - Undefined Weak Reference
    _printf_post_padding                      - Undefined Weak Reference
    _printf_pre_padding                       - Undefined Weak Reference
    _printf_truncate_signed                   - Undefined Weak Reference
    _printf_truncate_unsigned                 - Undefined Weak Reference
    _rand_init                                - Undefined Weak Reference
    _signal_finish                            - Undefined Weak Reference
    _signal_init                              - Undefined Weak Reference
    __Vectors_Size                           0x00000130   Number         0  startup_stm32f10x_hd.o ABSOLUTE
    __Vectors                                0x08000000   Data           4  startup_stm32f10x_hd.o(RESET)
    __Vectors_End                            0x08000130   Data           0  startup_stm32f10x_hd.o(RESET)
    __main                                   0x08000131   Thumb Code     8  __main.o(!!!main)
    __scatterload                            0x08000139   Thumb Code     0  __scatter.o(!!!scatter)
    __scatterload_rt2                        0x08000139   Thumb Code    44  __scatter.o(!!!scatter)
    __scatterload_rt2_thumb_only             0x08000139   Thumb Code     0  __scatter.o(!!!scatter)
    __scatterload_null                       0x08000147   Thumb Code     0  __scatter.o(!!!scatter)
    __scatterload_copy                       0x0800016d   Thumb Code    26  __scatter_copy.o(!!handler_copy)
    __scatterload_zeroinit                   0x08000189   Thumb Code    28  __scatter_zi.o(!!handler_zi)
    _printf_d                                0x080001a5   Thumb Code     0  _printf_d.o(.ARM.Collect$$_printf_percent$$00000009)
    _printf_percent                          0x080001a5   Thumb Code     0  _printf_percent.o(.ARM.Collect$$_printf_percent$$00000000)
    _printf_s                                0x080001ab   Thumb Code     0  _printf_s.o(.ARM.Collect$$_printf_percent$$00000014)
    _printf_percent_end                      0x080001b1   Thumb Code     0  _printf_percent_end.o(.ARM.Collect$$_printf_percent$$00000017)
    __rt_lib_init                            0x080001b5   Thumb Code     0  libinit.o(.ARM.Collect$$libinit$$00000000)
    __rt_lib_init_fp_1                       0x080001b7   Thumb Code     0  libinit2.o(.ARM.Collect$$libinit$$00000002)
    __rt_lib_init_heap_2                     0x080001b7   Thumb Code     0  libinit2.o(.ARM.Collect$$libinit$$00000005)
    __rt_lib_init_preinit_1                  0x080001b7   Thumb Code     0  libinit2.o(.ARM.Collect$$libinit$$00000004)
    __rt_lib_init_atexit_1                   0x080001bf   Thumb Code     0  libinit2.o(.ARM.Collect$$libinit$$0000001B)
    __rt_lib_init_clock_1                    0x080001bf   Thumb Code     0  libinit2.o(.ARM.Collect$$libinit$$00000021)
    __rt_lib_init_fp_trap_1                  0x080001bf   Thumb Code     0  libinit2.o(.ARM.Collect$$libinit$$0000001F)
    __rt_lib_init_getenv_1                   0x080001bf   Thumb Code     0  libinit2.o(.ARM.Collect$$libinit$$00000023)
    __rt_lib_init_heap_1                     0x080001bf   Thumb Code     0  libinit2.o(.ARM.Collect$$libinit$$0000000A)
    __rt_lib_init_lc_collate_1               0x080001bf   Thumb Code     0  libinit2.o(.ARM.Collect$$libinit$$00000011)
    __rt_lib_init_lc_ctype_1                 0x080001bf   Thumb Code     0  libinit2.o(.ARM.Collect$$libinit$$00000013)
    __rt_lib_init_lc_monetary_1              0x080001bf   Thumb Code     0  libinit2.o(.ARM.Collect$$libinit$$00000015)
    __rt_lib_init_lc_numeric_1               0x080001bf   Thumb Code     0  libinit2.o(.ARM.Collect$$libinit$$00000017)
    __rt_lib_init_lc_time_1                  0x080001bf   Thumb Code     0  libinit2.o(.ARM.Collect$$libinit$$00000019)
    __rt_lib_init_rand_1                     0x080001bf   Thumb Code     0  libinit2.o(.ARM.Collect$$libinit$$0000000E)
    __rt_lib_init_signal_1                   0x080001bf   Thumb Code     0  libinit2.o(.ARM.Collect$$libinit$$0000001D)
    __rt_lib_init_stdio_2                    0x080001bf   Thumb Code     0  libinit2.o(.ARM.Collect$$libinit$$00000024)
    __rt_lib_init_user_alloc_1               0x080001bf   Thumb Code     0  libinit2.o(.ARM.Collect$$libinit$$0000000C)
    __rt_lib_init_alloca_1                   0x080001c3   Thumb Code     0  libinit2.o(.ARM.Collect$$libinit$$0000002E)
    __rt_lib_init_argv_1                     0x080001c3   Thumb Code     0  libinit2.o(.ARM.Collect$$libinit$$0000002C)
    __rt_lib_init_cpp_1                      0x080001c3   Thumb Code     0  libinit2.o(.ARM.Collect$$libinit$$00000032)
    __rt_lib_init_exceptions_1               0x080001c3   Thumb Code     0  libinit2.o(.ARM.Collect$$libinit$$00000030)
    __rt_lib_init_return                     0x080001c3   Thumb Code     0  libinit2.o(.ARM.Collect$$libinit$$00000033)
    __rt_lib_init_stdio_1                    0x080001c3   Thumb Code     0  libinit2.o(.ARM.Collect$$libinit$$00000025)
    __rt_lib_shutdown                        0x080001c5   Thumb Code     0  libshutdown.o(.ARM.Collect$$libshutdown$$00000000)
    __rt_lib_shutdown_cpp_1                  0x080001c7   Thumb Code     0  libshutdown2.o(.ARM.Collect$$libshutdown$$00000002)
    __rt_lib_shutdown_stdio_2                0x080001c7   Thumb Code     0  libshutdown2.o(.ARM.Collect$$libshutdown$$00000003)
    __rt_lib_shutdown_fp_trap_1              0x080001cb   Thumb Code     0  libshutdown2.o(.ARM.Collect$$libshutdown$$00000007)
    __rt_lib_shutdown_heap_1                 0x080001cb   Thumb Code     0  libshutdown2.o(.ARM.Collect$$libshutdown$$0000000F)
    __rt_lib_shutdown_return                 0x080001cb   Thumb Code     0  libshutdown2.o(.ARM.Collect$$libshutdown$$00000010)
    __rt_lib_shutdown_signal_1               0x080001cb   Thumb Code     0  libshutdown2.o(.ARM.Collect$$libshutdown$$0000000A)
    __rt_lib_shutdown_stdio_1                0x080001cb   Thumb Code     0  libshutdown2.o(.ARM.Collect$$libshutdown$$00000004)
    __rt_lib_shutdown_user_alloc_1           0x080001cb   Thumb Code     0  libshutdown2.o(.ARM.Collect$$libshutdown$$0000000C)
    __rt_entry                               0x080001cd   Thumb Code     0  __rtentry.o(.ARM.Collect$$rtentry$$00000000)
    __rt_entry_presh_1                       0x080001cd   Thumb Code     0  __rtentry2.o(.ARM.Collect$$rtentry$$00000002)
    __rt_entry_sh                            0x080001cd   Thumb Code     0  __rtentry4.o(.ARM.Collect$$rtentry$$00000004)
    __rt_entry_li                            0x080001d3   Thumb Code     0  __rtentry2.o(.ARM.Collect$$rtentry$$0000000A)
    __rt_entry_postsh_1                      0x080001d3   Thumb Code     0  __rtentry2.o(.ARM.Collect$$rtentry$$00000009)
    __rt_entry_main                          0x080001d7   Thumb Code     0  __rtentry2.o(.ARM.Collect$$rtentry$$0000000D)
    __rt_entry_postli_1                      0x080001d7   Thumb Code     0  __rtentry2.o(.ARM.Collect$$rtentry$$0000000C)
    __rt_exit                                0x080001df   Thumb Code     0  rtexit.o(.ARM.Collect$$rtexit$$00000000)
    __rt_exit_ls                             0x080001e1   Thumb Code     0  rtexit2.o(.ARM.Collect$$rtexit$$00000003)
    __rt_exit_prels_1                        0x080001e1   Thumb Code     0  rtexit2.o(.ARM.Collect$$rtexit$$00000002)
    __rt_exit_exit                           0x080001e5   Thumb Code     0  rtexit2.o(.ARM.Collect$$rtexit$$00000004)
    SVC_Handler                              0x080001ed   Thumb Code    32  port.o(.emb_text)
    __asm___6_port_c_39a90d8d__prvStartFirstTask 0x08000211   Thumb Code    28  port.o(.emb_text)
    PendSV_Handler                           0x08000231   Thumb Code    72  port.o(.emb_text)
    vPortGetIPSR                             0x0800027d   Thumb Code     6  port.o(.emb_text)
    Reset_Handler                            0x08000285   Thumb Code     8  startup_stm32f10x_hd.o(.text)
    _maybe_terminate_alloc                   0x08000285   Thumb Code     0  maybetermalloc1.o(.emb_text)
    ADC1_2_IRQHandler                        0x0800029f   Thumb Code     0  startup_stm32f10x_hd.o(.text)
    ADC3_IRQHandler                          0x0800029f   Thumb Code     0  startup_stm32f10x_hd.o(.text)
    CAN1_RX1_IRQHandler                      0x0800029f   Thumb Code     0  startup_stm32f10x_hd.o(.text)
    CAN1_SCE_IRQHandler                      0x0800029f   Thumb Code     0  startup_stm32f10x_hd.o(.text)
    DMA1_Channel1_IRQHandler                 0x0800029f   Thumb Code     0  startup_stm32f10x_hd.o(.text)
    DMA1_Channel2_IRQHandler                 0x0800029f   Thumb Code     0  startup_stm32f10x_hd.o(.text)
    DMA1_Channel3_IRQHandler                 0x0800029f   Thumb Code     0  startup_stm32f10x_hd.o(.text)
    DMA1_Channel4_IRQHandler                 0x0800029f   Thumb Code     0  startup_stm32f10x_hd.o(.text)
    DMA1_Channel5_IRQHandler                 0x0800029f   Thumb Code     0  startup_stm32f10x_hd.o(.text)
    DMA1_Channel6_IRQHandler                 0x0800029f   Thumb Code     0  startup_stm32f10x_hd.o(.text)
    DMA1_Channel7_IRQHandler                 0x0800029f   Thumb Code     0  startup_stm32f10x_hd.o(.text)
    DMA2_Channel1_IRQHandler                 0x0800029f   Thumb Code     0  startup_stm32f10x_hd.o(.text)
    DMA2_Channel2_IRQHandler                 0x0800029f   Thumb Code     0  startup_stm32f10x_hd.o(.text)
    DMA2_Channel3_IRQHandler                 0x0800029f   Thumb Code     0  startup_stm32f10x_hd.o(.text)
    DMA2_Channel4_5_IRQHandler               0x0800029f   Thumb Code     0  startup_stm32f10x_hd.o(.text)
    EXTI0_IRQHandler                         0x0800029f   Thumb Code     0  startup_stm32f10x_hd.o(.text)
    EXTI15_10_IRQHandler                     0x0800029f   Thumb Code     0  startup_stm32f10x_hd.o(.text)
    EXTI1_IRQHandler                         0x0800029f   Thumb Code     0  startup_stm32f10x_hd.o(.text)
    EXTI2_IRQHandler                         0x0800029f   Thumb Code     0  startup_stm32f10x_hd.o(.text)
    EXTI3_IRQHandler                         0x0800029f   Thumb Code     0  startup_stm32f10x_hd.o(.text)
    EXTI4_IRQHandler                         0x0800029f   Thumb Code     0  startup_stm32f10x_hd.o(.text)
    EXTI9_5_IRQHandler                       0x0800029f   Thumb Code     0  startup_stm32f10x_hd.o(.text)
    FLASH_IRQHandler                         0x0800029f   Thumb Code     0  startup_stm32f10x_hd.o(.text)
    FSMC_IRQHandler                          0x0800029f   Thumb Code     0  startup_stm32f10x_hd.o(.text)
    I2C1_ER_IRQHandler                       0x0800029f   Thumb Code     0  startup_stm32f10x_hd.o(.text)
    I2C1_EV_IRQHandler                       0x0800029f   Thumb Code     0  startup_stm32f10x_hd.o(.text)
    I2C2_ER_IRQHandler                       0x0800029f   Thumb Code     0  startup_stm32f10x_hd.o(.text)
    I2C2_EV_IRQHandler                       0x0800029f   Thumb Code     0  startup_stm32f10x_hd.o(.text)
    PVD_IRQHandler                           0x0800029f   Thumb Code     0  startup_stm32f10x_hd.o(.text)
    RCC_IRQHandler                           0x0800029f   Thumb Code     0  startup_stm32f10x_hd.o(.text)
    RTCAlarm_IRQHandler                      0x0800029f   Thumb Code     0  startup_stm32f10x_hd.o(.text)
    RTC_IRQHandler                           0x0800029f   Thumb Code     0  startup_stm32f10x_hd.o(.text)
    SDIO_IRQHandler                          0x0800029f   Thumb Code     0  startup_stm32f10x_hd.o(.text)
    SPI1_IRQHandler                          0x0800029f   Thumb Code     0  startup_stm32f10x_hd.o(.text)
    SPI2_IRQHandler                          0x0800029f   Thumb Code     0  startup_stm32f10x_hd.o(.text)
    SPI3_IRQHandler                          0x0800029f   Thumb Code     0  startup_stm32f10x_hd.o(.text)
    TAMPER_IRQHandler                        0x0800029f   Thumb Code     0  startup_stm32f10x_hd.o(.text)
    TIM1_BRK_IRQHandler                      0x0800029f   Thumb Code     0  startup_stm32f10x_hd.o(.text)
    TIM1_CC_IRQHandler                       0x0800029f   Thumb Code     0  startup_stm32f10x_hd.o(.text)
    TIM1_TRG_COM_IRQHandler                  0x0800029f   Thumb Code     0  startup_stm32f10x_hd.o(.text)
    TIM1_UP_IRQHandler                       0x0800029f   Thumb Code     0  startup_stm32f10x_hd.o(.text)
    TIM2_IRQHandler                          0x0800029f   Thumb Code     0  startup_stm32f10x_hd.o(.text)
    TIM3_IRQHandler                          0x0800029f   Thumb Code     0  startup_stm32f10x_hd.o(.text)
    TIM4_IRQHandler                          0x0800029f   Thumb Code     0  startup_stm32f10x_hd.o(.text)
    TIM5_IRQHandler                          0x0800029f   Thumb Code     0  startup_stm32f10x_hd.o(.text)
    TIM6_IRQHandler                          0x0800029f   Thumb Code     0  startup_stm32f10x_hd.o(.text)
    TIM7_IRQHandler                          0x0800029f   Thumb Code     0  startup_stm32f10x_hd.o(.text)
    TIM8_BRK_IRQHandler                      0x0800029f   Thumb Code     0  startup_stm32f10x_hd.o(.text)
    TIM8_CC_IRQHandler                       0x0800029f   Thumb Code     0  startup_stm32f10x_hd.o(.text)
    TIM8_TRG_COM_IRQHandler                  0x0800029f   Thumb Code     0  startup_stm32f10x_hd.o(.text)
    TIM8_UP_IRQHandler                       0x0800029f   Thumb Code     0  startup_stm32f10x_hd.o(.text)
    UART4_IRQHandler                         0x0800029f   Thumb Code     0  startup_stm32f10x_hd.o(.text)
    UART5_IRQHandler                         0x0800029f   Thumb Code     0  startup_stm32f10x_hd.o(.text)
    USART1_IRQHandler                        0x0800029f   Thumb Code     0  startup_stm32f10x_hd.o(.text)
    USART2_IRQHandler                        0x0800029f   Thumb Code     0  startup_stm32f10x_hd.o(.text)
    USART3_IRQHandler                        0x0800029f   Thumb Code     0  startup_stm32f10x_hd.o(.text)
    USBWakeUp_IRQHandler                     0x0800029f   Thumb Code     0  startup_stm32f10x_hd.o(.text)
    USB_HP_CAN1_TX_IRQHandler                0x0800029f   Thumb Code     0  startup_stm32f10x_hd.o(.text)
    USB_LP_CAN1_RX0_IRQHandler               0x0800029f   Thumb Code     0  startup_stm32f10x_hd.o(.text)
    WWDG_IRQHandler                          0x0800029f   Thumb Code     0  startup_stm32f10x_hd.o(.text)
    __user_initial_stackheap                 0x080002a1   Thumb Code     0  startup_stm32f10x_hd.o(.text)
    __2printf                                0x080002c5   Thumb Code    20  noretval__2printf.o(.text)
    __printf                                 0x080002dd   Thumb Code   104  __printf.o(.text)
    _printf_str                              0x08000345   Thumb Code    82  _printf_str.o(.text)
    _printf_int_dec                          0x08000399   Thumb Code   104  _printf_dec.o(.text)
    __aeabi_memcpy                           0x08000411   Thumb Code     0  rt_memcpy_v6.o(.text)
    __rt_memcpy                              0x08000411   Thumb Code   138  rt_memcpy_v6.o(.text)
    _memcpy_lastbytes                        0x08000477   Thumb Code     0  rt_memcpy_v6.o(.text)
    __use_two_region_memory                  0x0800049b   Thumb Code     2  heapauxi.o(.text)
    __rt_heap_escrow                         0x0800049d   Thumb Code     2  heapauxi.o(.text)
    __rt_heap_expand                         0x0800049f   Thumb Code     2  heapauxi.o(.text)
    _printf_int_common                       0x080004a1   Thumb Code   178  _printf_intcommon.o(.text)
    _printf_cs_common                        0x08000553   Thumb Code    20  _printf_char.o(.text)
    _printf_char                             0x08000567   Thumb Code    16  _printf_char.o(.text)
    _printf_string                           0x08000577   Thumb Code     8  _printf_char.o(.text)
    _printf_char_file                        0x08000581   Thumb Code    32  _printf_char_file.o(.text)
    __aeabi_memcpy4                          0x080005a5   Thumb Code     0  rt_memcpy_w.o(.text)
    __aeabi_memcpy8                          0x080005a5   Thumb Code     0  rt_memcpy_w.o(.text)
    __rt_memcpy_w                            0x080005a5   Thumb Code   100  rt_memcpy_w.o(.text)
    _memcpy_lastbytes_aligned                0x080005ed   Thumb Code     0  rt_memcpy_w.o(.text)
    _printf_char_common                      0x08000613   Thumb Code    32  _printf_char_common.o(.text)
    ferror                                   0x08000639   Thumb Code     8  ferror.o(.text)
    _initio                                  0x08000641   Thumb Code   210  initio.o(.text)
    _terminateio                             0x08000713   Thumb Code    56  initio.o(.text)
    _sys_open                                0x08000779   Thumb Code    20  sys_io.o(.text)
    _sys_close                               0x0800078d   Thumb Code    12  sys_io.o(.text)
    _sys_write                               0x08000799   Thumb Code    16  sys_io.o(.text)
    _sys_read                                0x080007a9   Thumb Code    14  sys_io.o(.text)
    _sys_istty                               0x080007b7   Thumb Code    12  sys_io.o(.text)
    _sys_seek                                0x080007c3   Thumb Code    14  sys_io.o(.text)
    _sys_ensure                              0x080007d1   Thumb Code     2  sys_io.o(.text)
    _sys_flen                                0x080007d3   Thumb Code    12  sys_io.o(.text)
    __user_setup_stackheap                   0x080007df   Thumb Code    74  sys_stackheap_outer.o(.text)
    free                                     0x08000829   Thumb Code    78  h1_free.o(.text)
    setvbuf                                  0x08000877   Thumb Code    70  setvbuf.o(.text)
    freopen                                  0x080008bd   Thumb Code   158  fopen.o(.text)
    fopen                                    0x0800095b   Thumb Code    74  fopen.o(.text)
    _fclose_internal                         0x080009a9   Thumb Code    76  fclose.o(.text)
    fclose                                   0x080009a9   Thumb Code     0  fclose.o(.text)
    exit                                     0x080009f5   Thumb Code    18  exit.o(.text)
    __rt_SIGRTRED                            0x08000a07   Thumb Code    14  defsig_rtred_outer.o(.text)
    __aeabi_memclr4                          0x08000a15   Thumb Code     0  rt_memclr_w.o(.text)
    __aeabi_memclr8                          0x08000a15   Thumb Code     0  rt_memclr_w.o(.text)
    __rt_memclr_w                            0x08000a15   Thumb Code    78  rt_memclr_w.o(.text)
    _memset_w                                0x08000a19   Thumb Code     0  rt_memclr_w.o(.text)
    __user_libspace                          0x08000a65   Thumb Code     8  libspace.o(.text)
    __user_perproc_libspace                  0x08000a65   Thumb Code     0  libspace.o(.text)
    __user_perthread_libspace                0x08000a65   Thumb Code     0  libspace.o(.text)
    __I$use$semihosting                      0x08000a6d   Thumb Code     0  use_no_semi.o(.text)
    __use_no_semihosting_swi                 0x08000a6d   Thumb Code     2  use_no_semi.o(.text)
    __semihosting_library_function           0x08000a6f   Thumb Code     0  indicate_semi.o(.text)
    __rt_heap_descriptor                     0x08000a71   Thumb Code     8  rt_heap_descriptor_intlibspace.o(.text)
    __use_no_heap                            0x08000a79   Thumb Code     2  hguard.o(.text)
    __heap$guard                             0x08000a7b   Thumb Code     2  hguard.o(.text)
    _terminate_user_alloc                    0x08000a7d   Thumb Code     2  init_alloc.o(.text)
    _init_user_alloc                         0x08000a7f   Thumb Code     2  init_alloc.o(.text)
    __Heap_Full                              0x08000a81   Thumb Code    34  init_alloc.o(.text)
    __Heap_Broken                            0x08000aa3   Thumb Code     6  init_alloc.o(.text)
    _init_alloc                              0x08000aa9   Thumb Code    94  init_alloc.o(.text)
    malloc                                   0x08000b07   Thumb Code    94  h1_alloc.o(.text)
    _fseek                                   0x08000b65   Thumb Code   242  fseek.o(.text)
    fseek                                    0x08000b65   Thumb Code     0  fseek.o(.text)
    _seterr                                  0x08000c5d   Thumb Code    20  stdio.o(.text)
    _writebuf                                0x08000c71   Thumb Code    84  stdio.o(.text)
    _fflush                                  0x08000cc5   Thumb Code    70  stdio.o(.text)
    _deferredlazyseek                        0x08000d0b   Thumb Code    60  stdio.o(.text)
    __sig_exit                               0x08000d4d   Thumb Code    10  defsig_exit.o(.text)
    __rt_SIGRTRED_inner                      0x08000d59   Thumb Code    14  defsig_rtred_inner.o(.text)
    strlen                                   0x08000d8d   Thumb Code    62  strlen.o(.text)
    _sys_exit                                0x08000dcd   Thumb Code     8  sys_exit.o(.text)
    __Heap_Initialize                        0x08000dd9   Thumb Code    10  h1_init.o(.text)
    __Heap_DescSize                          0x08000de3   Thumb Code     4  h1_init.o(.text)
    __Heap_ProvideMemory                     0x08000de7   Thumb Code    52  h1_extend.o(.text)
    _ftell_internal                          0x08000e1b   Thumb Code    66  ftell.o(.text)
    ftell                                    0x08000e1b   Thumb Code     0  ftell.o(.text)
    __default_signal_display                 0x08000e5d   Thumb Code    50  defsig_general.o(.text)
    __rt_SIGRTMEM                            0x08000e8f   Thumb Code    14  defsig_rtmem_outer.o(.text)
    _ttywrch                                 0x08000e9d   Thumb Code    14  sys_wrch.o(.text)
    __aeabi_errno_addr                       0x08000ead   Thumb Code     8  rt_errno_addr_intlibspace.o(.text)
    __errno$intlibspace                      0x08000ead   Thumb Code     0  rt_errno_addr_intlibspace.o(.text)
    __rt_errno_addr$intlibspace              0x08000ead   Thumb Code     0  rt_errno_addr_intlibspace.o(.text)
    __rt_SIGRTMEM_inner                      0x08000eb5   Thumb Code    22  defsig_rtmem_inner.o(.text)
    BusFault_Handler                         0x08000fc5   Thumb Code     4  stm32f10x_it.o(i.BusFault_Handler)
    DebugMon_Handler                         0x08000fc9   Thumb Code     2  stm32f10x_it.o(i.DebugMon_Handler)
    GPIO_Init                                0x08000fcb   Thumb Code   278  stm32f10x_gpio.o(i.GPIO_Init)
    GPIO_SetBits                             0x080010e1   Thumb Code     4  stm32f10x_gpio.o(i.GPIO_SetBits)
    HardFault_Handler                        0x080010e5   Thumb Code     4  stm32f10x_it.o(i.HardFault_Handler)
    LED_GPIO_Config                          0x080010e9   Thumb Code    68  bsp_led.o(i.LED_GPIO_Config)
    MemManage_Handler                        0x080011a9   Thumb Code     4  stm32f10x_it.o(i.MemManage_Handler)
    NMI_Handler                              0x080011ad   Thumb Code     2  stm32f10x_it.o(i.NMI_Handler)
    NVIC_PriorityGroupConfig                 0x080011b1   Thumb Code    10  misc.o(i.NVIC_PriorityGroupConfig)
    RCC_APB2PeriphClockCmd                   0x080011c5   Thumb Code    26  stm32f10x_rcc.o(i.RCC_APB2PeriphClockCmd)
    RCC_GetClocksFreq                        0x080011e5   Thumb Code   192  stm32f10x_rcc.o(i.RCC_GetClocksFreq)
    SysTick_Handler                          0x080013a1   Thumb Code    16  stm32f10x_it.o(i.SysTick_Handler)
    SystemInit                               0x080013b1   Thumb Code    78  system_stm32f10x.o(i.SystemInit)
    USART_Cmd                                0x08001411   Thumb Code    24  stm32f10x_usart.o(i.USART_Cmd)
    USART_Config                             0x08001429   Thumb Code   120  bsp_usart.o(i.USART_Config)
    USART_GetFlagStatus                      0x080014a9   Thumb Code    26  stm32f10x_usart.o(i.USART_GetFlagStatus)
    USART_Init                               0x080014c5   Thumb Code   210  stm32f10x_usart.o(i.USART_Init)
    USART_SendData                           0x0800159d   Thumb Code     8  stm32f10x_usart.o(i.USART_SendData)
    UsageFault_Handler                       0x080015a5   Thumb Code     4  stm32f10x_it.o(i.UsageFault_Handler)
    eTaskConfirmSleepModeStatus              0x080015a9   Thumb Code    42  tasks.o(i.eTaskConfirmSleepModeStatus)
    fputc                                    0x080015e5   Thumb Code    32  bsp_usart.o(i.fputc)
    main                                     0x08001609   Thumb Code    54  main.o(i.main)
    pvTaskIncrementMutexHeldCount            0x08002229   Thumb Code    26  tasks.o(i.pvTaskIncrementMutexHeldCount)
    pxPortInitialiseStack                    0x08002249   Thumb Code    30  port.o(i.pxPortInitialiseStack)
    uxListRemove                             0x0800226d   Thumb Code    40  list.o(i.uxListRemove)
    vApplicationGetIdleTaskMemory            0x08002295   Thumb Code    14  main.o(i.vApplicationGetIdleTaskMemory)
    vApplicationGetTimerTaskMemory           0x080022ad   Thumb Code    16  main.o(i.vApplicationGetTimerTaskMemory)
    vListInitialise                          0x080022c5   Thumb Code    26  list.o(i.vListInitialise)
    vListInitialiseItem                      0x080022df   Thumb Code     6  list.o(i.vListInitialiseItem)
    vListInsert                              0x080022e5   Thumb Code    52  list.o(i.vListInsert)
    vListInsertEnd                           0x08002319   Thumb Code    24  list.o(i.vListInsertEnd)
    vPortEnterCritical                       0x08002331   Thumb Code    68  port.o(i.vPortEnterCritical)
    vPortExitCritical                        0x080023b5   Thumb Code    48  port.o(i.vPortExitCritical)
    vPortFree                                0x08002421   Thumb Code   120  heap_4.o(i.vPortFree)
    vPortSetupTimerInterrupt                 0x080024d5   Thumb Code    76  port.o(i.vPortSetupTimerInterrupt)
    vPortSuppressTicksAndSleep               0x08002531   Thumb Code   320  port.o(i.vPortSuppressTicksAndSleep)
    vPortValidateInterruptPriority           0x0800267d   Thumb Code    86  port.o(i.vPortValidateInterruptPriority)
    vQueueAddToRegistry                      0x08002719   Thumb Code    38  queue.o(i.vQueueAddToRegistry)
    vQueueWaitForMessageRestricted           0x08002745   Thumb Code    74  queue.o(i.vQueueWaitForMessageRestricted)
    vTaskDelay                               0x08002791   Thumb Code    72  tasks.o(i.vTaskDelay)
    vTaskDelete                              0x08002809   Thumb Code   192  tasks.o(i.vTaskDelete)
    vTaskMissedYield                         0x08002919   Thumb Code     8  tasks.o(i.vTaskMissedYield)
    vTaskPlaceOnEventList                    0x08002925   Thumb Code    42  tasks.o(i.vTaskPlaceOnEventList)
    vTaskPlaceOnEventListRestricted          0x0800297d   Thumb Code    50  tasks.o(i.vTaskPlaceOnEventListRestricted)
    vTaskPriorityInherit                     0x080029dd   Thumb Code   164  tasks.o(i.vTaskPriorityInherit)
    vTaskSetTimeOutState                     0x08002a8d   Thumb Code    32  tasks.o(i.vTaskSetTimeOutState)
    vTaskStartScheduler                      0x08002add   Thumb Code   146  tasks.o(i.vTaskStartScheduler)
    vTaskStepTick                            0x08002bb5   Thumb Code    50  tasks.o(i.vTaskStepTick)
    vTaskSuspendAll                          0x08002c19   Thumb Code    12  tasks.o(i.vTaskSuspendAll)
    vTaskSwitchContext                       0x08002c29   Thumb Code   110  tasks.o(i.vTaskSwitchContext)
    xPortStartScheduler                      0x08002cd5   Thumb Code   140  port.o(i.xPortStartScheduler)
    xPortSysTickHandler                      0x08002d75   Thumb Code    46  port.o(i.xPortSysTickHandler)
    xQueueGenericCreateStatic                0x08002da9   Thumb Code   172  queue.o(i.xQueueGenericCreateStatic)
    xQueueGenericReceive                     0x08002e7d   Thumb Code   416  queue.o(i.xQueueGenericReceive)
    xQueueGenericReset                       0x08003049   Thumb Code   136  queue.o(i.xQueueGenericReset)
    xQueueGenericSend                        0x080030fd   Thumb Code   412  queue.o(i.xQueueGenericSend)
    xQueueGenericSendFromISR                 0x080032c5   Thumb Code   234  queue.o(i.xQueueGenericSendFromISR)
    xTaskCheckForTimeOut                     0x080033d9   Thumb Code   116  tasks.o(i.xTaskCheckForTimeOut)
    xTaskCreateStatic                        0x0800347d   Thumb Code   122  tasks.o(i.xTaskCreateStatic)
    xTaskGetSchedulerState                   0x08003521   Thumb Code    24  tasks.o(i.xTaskGetSchedulerState)
    xTaskGetTickCount                        0x08003541   Thumb Code     6  tasks.o(i.xTaskGetTickCount)
    xTaskIncrementTick                       0x0800354d   Thumb Code   272  tasks.o(i.xTaskIncrementTick)
    xTaskPriorityDisinherit                  0x080036b1   Thumb Code   168  tasks.o(i.xTaskPriorityDisinherit)
    xTaskRemoveFromEventList                 0x0800378d   Thumb Code   122  tasks.o(i.xTaskRemoveFromEventList)
    xTaskResumeAll                           0x08003849   Thumb Code   214  tasks.o(i.xTaskResumeAll)
    xTimerCreateTimerTask                    0x0800396d   Thumb Code    90  timers.o(i.xTimerCreateTimerTask)
    xTimerGenericCommand                     0x08003a09   Thumb Code   118  timers.o(i.xTimerGenericCommand)
    __stdin_name                             0x08003ab0   Data           4  sys_io.o(.constdata)
    __stdout_name                            0x08003ab4   Data           4  sys_io.o(.constdata)
    __stderr_name                            0x08003ab8   Data           4  sys_io.o(.constdata)
    Region$$Table$$Base                      0x08003abc   Number         0  anon$$obj.o(Region$$Table)
    Region$$Table$$Limit                     0x08003adc   Number         0  anon$$obj.o(Region$$Table)
    pxCurrentTCB                             0x20000030   Data           4  tasks.o(.data)
    SystemCoreClock                          0x20000080   Data           4  system_stm32f10x.o(.data)
    AHBPrescTable                            0x20000084   Data          16  system_stm32f10x.o(.data)
    __aeabi_stdin                            0x200000b0   Data           4  stdio_streams.o(.data)
    __aeabi_stdout                           0x200000b4   Data           4  stdio_streams.o(.data)
    __aeabi_stderr                           0x200000b8   Data           4  stdio_streams.o(.data)
    xQueueRegistry                           0x200000bc   Data          80  queue.o(.bss)
    __stdin                                  0x20001054   Data          84  stdio_streams.o(.bss)
    __stdout                                 0x200010a8   Data          84  stdio_streams.o(.bss)
    __stderr                                 0x200010fc   Data          84  stdio_streams.o(.bss)
    __libspace_start                         0x20001150   Data          96  libspace.o(.bss)
    __temporary_stack_top$libspace           0x200011b0   Data           0  libspace.o(.bss)



==============================================================================

Memory Map of the image

  Image Entry point : 0x08000131

  Load Region LR_IROM1 (Base: 0x08000000, Size: 0x00003b98, Max: 0x00080000, ABSOLUTE)

    Execution Region ER_IROM1 (Exec base: 0x08000000, Load base: 0x08000000, Size: 0x00003adc, Max: 0x00080000, ABSOLUTE)

    Exec Addr    Load Addr    Size         Type   Attr      Idx    E Section Name        Object

    0x08000000   0x08000000   0x00000130   Data   RO         1143    RESET               startup_stm32f10x_hd.o
    0x08000130   0x08000130   0x00000008   Code   RO         4372  * !!!main             c_w.l(__main.o)
    0x08000138   0x08000138   0x00000034   Code   RO         4697    !!!scatter          c_w.l(__scatter.o)
    0x0800016c   0x0800016c   0x0000001a   Code   RO         4699    !!handler_copy      c_w.l(__scatter_copy.o)
    0x08000186   0x08000186   0x00000002   PAD
    0x08000188   0x08000188   0x0000001c   Code   RO         4701    !!handler_zi        c_w.l(__scatter_zi.o)
    0x080001a4   0x080001a4   0x00000000   Code   RO         4367    .ARM.Collect$$_printf_percent$$00000000  c_w.l(_printf_percent.o)
    0x080001a4   0x080001a4   0x00000006   Code   RO         4366    .ARM.Collect$$_printf_percent$$00000009  c_w.l(_printf_d.o)
    0x080001aa   0x080001aa   0x00000006   Code   RO         4365    .ARM.Collect$$_printf_percent$$00000014  c_w.l(_printf_s.o)
    0x080001b0   0x080001b0   0x00000004   Code   RO         4381    .ARM.Collect$$_printf_percent$$00000017  c_w.l(_printf_percent_end.o)
    0x080001b4   0x080001b4   0x00000002   Code   RO         4506    .ARM.Collect$$libinit$$00000000  c_w.l(libinit.o)
    0x080001b6   0x080001b6   0x00000000   Code   RO         4508    .ARM.Collect$$libinit$$00000002  c_w.l(libinit2.o)
    0x080001b6   0x080001b6   0x00000000   Code   RO         4510    .ARM.Collect$$libinit$$00000004  c_w.l(libinit2.o)
    0x080001b6   0x080001b6   0x00000008   Code   RO         4511    .ARM.Collect$$libinit$$00000005  c_w.l(libinit2.o)
    0x080001be   0x080001be   0x00000000   Code   RO         4513    .ARM.Collect$$libinit$$0000000A  c_w.l(libinit2.o)
    0x080001be   0x080001be   0x00000000   Code   RO         4515    .ARM.Collect$$libinit$$0000000C  c_w.l(libinit2.o)
    0x080001be   0x080001be   0x00000000   Code   RO         4517    .ARM.Collect$$libinit$$0000000E  c_w.l(libinit2.o)
    0x080001be   0x080001be   0x00000000   Code   RO         4520    .ARM.Collect$$libinit$$00000011  c_w.l(libinit2.o)
    0x080001be   0x080001be   0x00000000   Code   RO         4522    .ARM.Collect$$libinit$$00000013  c_w.l(libinit2.o)
    0x080001be   0x080001be   0x00000000   Code   RO         4524    .ARM.Collect$$libinit$$00000015  c_w.l(libinit2.o)
    0x080001be   0x080001be   0x00000000   Code   RO         4526    .ARM.Collect$$libinit$$00000017  c_w.l(libinit2.o)
    0x080001be   0x080001be   0x00000000   Code   RO         4528    .ARM.Collect$$libinit$$00000019  c_w.l(libinit2.o)
    0x080001be   0x080001be   0x00000000   Code   RO         4530    .ARM.Collect$$libinit$$0000001B  c_w.l(libinit2.o)
    0x080001be   0x080001be   0x00000000   Code   RO         4532    .ARM.Collect$$libinit$$0000001D  c_w.l(libinit2.o)
    0x080001be   0x080001be   0x00000000   Code   RO         4534    .ARM.Collect$$libinit$$0000001F  c_w.l(libinit2.o)
    0x080001be   0x080001be   0x00000000   Code   RO         4536    .ARM.Collect$$libinit$$00000021  c_w.l(libinit2.o)
    0x080001be   0x080001be   0x00000000   Code   RO         4538    .ARM.Collect$$libinit$$00000023  c_w.l(libinit2.o)
    0x080001be   0x080001be   0x00000004   Code   RO         4539    .ARM.Collect$$libinit$$00000024  c_w.l(libinit2.o)
    0x080001c2   0x080001c2   0x00000000   Code   RO         4540    .ARM.Collect$$libinit$$00000025  c_w.l(libinit2.o)
    0x080001c2   0x080001c2   0x00000000   Code   RO         4544    .ARM.Collect$$libinit$$0000002C  c_w.l(libinit2.o)
    0x080001c2   0x080001c2   0x00000000   Code   RO         4546    .ARM.Collect$$libinit$$0000002E  c_w.l(libinit2.o)
    0x080001c2   0x080001c2   0x00000000   Code   RO         4548    .ARM.Collect$$libinit$$00000030  c_w.l(libinit2.o)
    0x080001c2   0x080001c2   0x00000000   Code   RO         4550    .ARM.Collect$$libinit$$00000032  c_w.l(libinit2.o)
    0x080001c2   0x080001c2   0x00000002   Code   RO         4551    .ARM.Collect$$libinit$$00000033  c_w.l(libinit2.o)
    0x080001c4   0x080001c4   0x00000002   Code   RO         4676    .ARM.Collect$$libshutdown$$00000000  c_w.l(libshutdown.o)
    0x080001c6   0x080001c6   0x00000000   Code   RO         4553    .ARM.Collect$$libshutdown$$00000002  c_w.l(libshutdown2.o)
    0x080001c6   0x080001c6   0x00000004   Code   RO         4554    .ARM.Collect$$libshutdown$$00000003  c_w.l(libshutdown2.o)
    0x080001ca   0x080001ca   0x00000000   Code   RO         4555    .ARM.Collect$$libshutdown$$00000004  c_w.l(libshutdown2.o)
    0x080001ca   0x080001ca   0x00000000   Code   RO         4558    .ARM.Collect$$libshutdown$$00000007  c_w.l(libshutdown2.o)
    0x080001ca   0x080001ca   0x00000000   Code   RO         4561    .ARM.Collect$$libshutdown$$0000000A  c_w.l(libshutdown2.o)
    0x080001ca   0x080001ca   0x00000000   Code   RO         4563    .ARM.Collect$$libshutdown$$0000000C  c_w.l(libshutdown2.o)
    0x080001ca   0x080001ca   0x00000000   Code   RO         4566    .ARM.Collect$$libshutdown$$0000000F  c_w.l(libshutdown2.o)
    0x080001ca   0x080001ca   0x00000002   Code   RO         4567    .ARM.Collect$$libshutdown$$00000010  c_w.l(libshutdown2.o)
    0x080001cc   0x080001cc   0x00000000   Code   RO         4374    .ARM.Collect$$rtentry$$00000000  c_w.l(__rtentry.o)
    0x080001cc   0x080001cc   0x00000000   Code   RO         4391    .ARM.Collect$$rtentry$$00000002  c_w.l(__rtentry2.o)
    0x080001cc   0x080001cc   0x00000006   Code   RO         4403    .ARM.Collect$$rtentry$$00000004  c_w.l(__rtentry4.o)
    0x080001d2   0x080001d2   0x00000000   Code   RO         4393    .ARM.Collect$$rtentry$$00000009  c_w.l(__rtentry2.o)
    0x080001d2   0x080001d2   0x00000004   Code   RO         4394    .ARM.Collect$$rtentry$$0000000A  c_w.l(__rtentry2.o)
    0x080001d6   0x080001d6   0x00000000   Code   RO         4396    .ARM.Collect$$rtentry$$0000000C  c_w.l(__rtentry2.o)
    0x080001d6   0x080001d6   0x00000008   Code   RO         4397    .ARM.Collect$$rtentry$$0000000D  c_w.l(__rtentry2.o)
    0x080001de   0x080001de   0x00000002   Code   RO         4574    .ARM.Collect$$rtexit$$00000000  c_w.l(rtexit.o)
    0x080001e0   0x080001e0   0x00000000   Code   RO         4622    .ARM.Collect$$rtexit$$00000002  c_w.l(rtexit2.o)
    0x080001e0   0x080001e0   0x00000004   Code   RO         4623    .ARM.Collect$$rtexit$$00000003  c_w.l(rtexit2.o)
    0x080001e4   0x080001e4   0x00000006   Code   RO         4624    .ARM.Collect$$rtexit$$00000004  c_w.l(rtexit2.o)
    0x080001ea   0x080001ea   0x00000002   PAD
    0x080001ec   0x080001ec   0x00000096   Code   RO            1    .emb_text           port.o
    0x08000282   0x08000282   0x00000002   PAD
    0x08000284   0x08000284   0x00000000   Code   RO         4628    .emb_text           c_w.l(maybetermalloc1.o)
    0x08000284   0x08000284   0x00000040   Code   RO         1144    .text               startup_stm32f10x_hd.o
    0x080002c4   0x080002c4   0x00000018   Code   RO         4337    .text               c_w.l(noretval__2printf.o)
    0x080002dc   0x080002dc   0x00000068   Code   RO         4339    .text               c_w.l(__printf.o)
    0x08000344   0x08000344   0x00000052   Code   RO         4341    .text               c_w.l(_printf_str.o)
    0x08000396   0x08000396   0x00000002   PAD
    0x08000398   0x08000398   0x00000078   Code   RO         4343    .text               c_w.l(_printf_dec.o)
    0x08000410   0x08000410   0x0000008a   Code   RO         4368    .text               c_w.l(rt_memcpy_v6.o)
    0x0800049a   0x0800049a   0x00000006   Code   RO         4370    .text               c_w.l(heapauxi.o)
    0x080004a0   0x080004a0   0x000000b2   Code   RO         4375    .text               c_w.l(_printf_intcommon.o)
    0x08000552   0x08000552   0x0000002c   Code   RO         4377    .text               c_w.l(_printf_char.o)
    0x0800057e   0x0800057e   0x00000002   PAD
    0x08000580   0x08000580   0x00000024   Code   RO         4379    .text               c_w.l(_printf_char_file.o)
    0x080005a4   0x080005a4   0x00000064   Code   RO         4388    .text               c_w.l(rt_memcpy_w.o)
    0x08000608   0x08000608   0x00000030   Code   RO         4405    .text               c_w.l(_printf_char_common.o)
    0x08000638   0x08000638   0x00000008   Code   RO         4407    .text               c_w.l(ferror.o)
    0x08000640   0x08000640   0x00000138   Code   RO         4409    .text               c_w.l(initio.o)
    0x08000778   0x08000778   0x00000066   Code   RO         4415    .text               c_w.l(sys_io.o)
    0x080007de   0x080007de   0x0000004a   Code   RO         4422    .text               c_w.l(sys_stackheap_outer.o)
    0x08000828   0x08000828   0x0000004e   Code   RO         4426    .text               c_w.l(h1_free.o)
    0x08000876   0x08000876   0x00000046   Code   RO         4482    .text               c_w.l(setvbuf.o)
    0x080008bc   0x080008bc   0x000000ec   Code   RO         4485    .text               c_w.l(fopen.o)
    0x080009a8   0x080009a8   0x0000004c   Code   RO         4487    .text               c_w.l(fclose.o)
    0x080009f4   0x080009f4   0x00000012   Code   RO         4493    .text               c_w.l(exit.o)
    0x08000a06   0x08000a06   0x0000000e   Code   RO         4495    .text               c_w.l(defsig_rtred_outer.o)
    0x08000a14   0x08000a14   0x0000004e   Code   RO         4499    .text               c_w.l(rt_memclr_w.o)
    0x08000a62   0x08000a62   0x00000002   PAD
    0x08000a64   0x08000a64   0x00000008   Code   RO         4568    .text               c_w.l(libspace.o)
    0x08000a6c   0x08000a6c   0x00000002   Code   RO         4571    .text               c_w.l(use_no_semi.o)
    0x08000a6e   0x08000a6e   0x00000000   Code   RO         4573    .text               c_w.l(indicate_semi.o)
    0x08000a6e   0x08000a6e   0x00000002   PAD
    0x08000a70   0x08000a70   0x00000008   Code   RO         4581    .text               c_w.l(rt_heap_descriptor_intlibspace.o)
    0x08000a78   0x08000a78   0x00000004   Code   RO         4583    .text               c_w.l(hguard.o)
    0x08000a7c   0x08000a7c   0x0000008a   Code   RO         4585    .text               c_w.l(init_alloc.o)
    0x08000b06   0x08000b06   0x0000005e   Code   RO         4591    .text               c_w.l(h1_alloc.o)
    0x08000b64   0x08000b64   0x000000f8   Code   RO         4605    .text               c_w.l(fseek.o)
    0x08000c5c   0x08000c5c   0x000000f0   Code   RO         4607    .text               c_w.l(stdio.o)
    0x08000d4c   0x08000d4c   0x0000000a   Code   RO         4609    .text               c_w.l(defsig_exit.o)
    0x08000d56   0x08000d56   0x00000002   PAD
    0x08000d58   0x08000d58   0x00000034   Code   RO         4611    .text               c_w.l(defsig_rtred_inner.o)
    0x08000d8c   0x08000d8c   0x0000003e   Code   RO         4613    .text               c_w.l(strlen.o)
    0x08000dca   0x08000dca   0x00000002   PAD
    0x08000dcc   0x08000dcc   0x0000000c   Code   RO         4619    .text               c_w.l(sys_exit.o)
    0x08000dd8   0x08000dd8   0x0000000e   Code   RO         4630    .text               c_w.l(h1_init.o)
    0x08000de6   0x08000de6   0x00000034   Code   RO         4632    .text               c_w.l(h1_extend.o)
    0x08000e1a   0x08000e1a   0x00000042   Code   RO         4638    .text               c_w.l(ftell.o)
    0x08000e5c   0x08000e5c   0x00000032   Code   RO         4642    .text               c_w.l(defsig_general.o)
    0x08000e8e   0x08000e8e   0x0000000e   Code   RO         4644    .text               c_w.l(defsig_rtmem_outer.o)
    0x08000e9c   0x08000e9c   0x0000000e   Code   RO         4657    .text               c_w.l(sys_wrch.o)
    0x08000eaa   0x08000eaa   0x00000002   PAD
    0x08000eac   0x08000eac   0x00000008   Code   RO         4664    .text               c_w.l(rt_errno_addr_intlibspace.o)
    0x08000eb4   0x08000eb4   0x00000050   Code   RO         4670    .text               c_w.l(defsig_rtmem_inner.o)
    0x08000f04   0x08000f04   0x000000ac   Code   RO         4229    i.AppTaskCreate     main.o
    0x08000fb0   0x08000fb0   0x00000014   Code   RO         4230    i.BSP_Init          main.o
    0x08000fc4   0x08000fc4   0x00000004   Code   RO         4278    i.BusFault_Handler  stm32f10x_it.o
    0x08000fc8   0x08000fc8   0x00000002   Code   RO         4279    i.DebugMon_Handler  stm32f10x_it.o
    0x08000fca   0x08000fca   0x00000116   Code   RO         2343    i.GPIO_Init         stm32f10x_gpio.o
    0x080010e0   0x080010e0   0x00000004   Code   RO         2351    i.GPIO_SetBits      stm32f10x_gpio.o
    0x080010e4   0x080010e4   0x00000004   Code   RO         4280    i.HardFault_Handler  stm32f10x_it.o
    0x080010e8   0x080010e8   0x0000004c   Code   RO         4159    i.LED_GPIO_Config   bsp_led.o
    0x08001134   0x08001134   0x00000074   Code   RO         4231    i.LED_Task          main.o
    0x080011a8   0x080011a8   0x00000004   Code   RO         4281    i.MemManage_Handler  stm32f10x_it.o
    0x080011ac   0x080011ac   0x00000002   Code   RO         4282    i.NMI_Handler       stm32f10x_it.o
    0x080011ae   0x080011ae   0x00000002   PAD
    0x080011b0   0x080011b0   0x00000014   Code   RO         1193    i.NVIC_PriorityGroupConfig  misc.o
    0x080011c4   0x080011c4   0x00000020   Code   RO         2761    i.RCC_APB2PeriphClockCmd  stm32f10x_rcc.o
    0x080011e4   0x080011e4   0x000000d4   Code   RO         2769    i.RCC_GetClocksFreq  stm32f10x_rcc.o
    0x080012b8   0x080012b8   0x00000008   Code   RO         1158    i.SetSysClock       system_stm32f10x.o
    0x080012c0   0x080012c0   0x000000e0   Code   RO         1159    i.SetSysClockTo72   system_stm32f10x.o
    0x080013a0   0x080013a0   0x00000010   Code   RO         4283    i.SysTick_Handler   stm32f10x_it.o
    0x080013b0   0x080013b0   0x00000060   Code   RO         1161    i.SystemInit        system_stm32f10x.o
    0x08001410   0x08001410   0x00000018   Code   RO         3929    i.USART_Cmd         stm32f10x_usart.o
    0x08001428   0x08001428   0x00000080   Code   RO         4174    i.USART_Config      bsp_usart.o
    0x080014a8   0x080014a8   0x0000001a   Code   RO         3932    i.USART_GetFlagStatus  stm32f10x_usart.o
    0x080014c2   0x080014c2   0x00000002   PAD
    0x080014c4   0x080014c4   0x000000d8   Code   RO         3936    i.USART_Init        stm32f10x_usart.o
    0x0800159c   0x0800159c   0x00000008   Code   RO         3946    i.USART_SendData    stm32f10x_usart.o
    0x080015a4   0x080015a4   0x00000004   Code   RO         4284    i.UsageFault_Handler  stm32f10x_it.o
    0x080015a8   0x080015a8   0x0000003c   Code   RO          657    i.eTaskConfirmSleepModeStatus  tasks.o
    0x080015e4   0x080015e4   0x00000024   Code   RO         4180    i.fputc             bsp_usart.o
    0x08001608   0x08001608   0x00000078   Code   RO         4232    i.main              main.o
    0x08001680   0x08001680   0x00000098   Code   RO          660    i.prvAddCurrentTaskToDelayedList  tasks.o
    0x08001718   0x08001718   0x000000b4   Code   RO          661    i.prvAddNewTaskToReadyList  tasks.o
    0x080017cc   0x080017cc   0x00000074   Code   RO         1001    i.prvCheckForValidListAndQueue  timers.o
    0x08001840   0x08001840   0x00000064   Code   RO          662    i.prvCheckTasksWaitingTermination  tasks.o
    0x080018a4   0x080018a4   0x0000002a   Code   RO          419    i.prvCopyDataFromQueue  queue.o
    0x080018ce   0x080018ce   0x0000007c   Code   RO          420    i.prvCopyDataToQueue  queue.o
    0x0800194a   0x0800194a   0x00000002   PAD
    0x0800194c   0x0800194c   0x00000070   Code   RO          663    i.prvDeleteTCB      tasks.o
    0x080019bc   0x080019bc   0x0000004c   Code   RO          664    i.prvGetExpectedIdleTime  tasks.o
    0x08001a08   0x08001a08   0x00000028   Code   RO         1002    i.prvGetNextExpireTime  timers.o
    0x08001a30   0x08001a30   0x0000009c   Code   RO          665    i.prvIdleTask       tasks.o
    0x08001acc   0x08001acc   0x0000002a   Code   RO          422    i.prvInitialiseNewQueue  queue.o
    0x08001af6   0x08001af6   0x00000002   PAD
    0x08001af8   0x08001af8   0x000000c8   Code   RO          666    i.prvInitialiseNewTask  tasks.o
    0x08001bc0   0x08001bc0   0x00000068   Code   RO          667    i.prvInitialiseTaskLists  tasks.o
    0x08001c28   0x08001c28   0x00000068   Code   RO          199    i.prvInsertBlockIntoFreeList  heap_4.o
    0x08001c90   0x08001c90   0x00000058   Code   RO         1004    i.prvInsertTimerInActiveList  timers.o
    0x08001ce8   0x08001ce8   0x0000001a   Code   RO          423    i.prvIsQueueEmpty   queue.o
    0x08001d02   0x08001d02   0x0000001e   Code   RO          424    i.prvIsQueueFull    queue.o
    0x08001d20   0x08001d20   0x000000a4   Code   RO          425    i.prvNotifyQueueSetContainer  queue.o
    0x08001dc4   0x08001dc4   0x00000084   Code   RO         1005    i.prvProcessExpiredTimer  timers.o
    0x08001e48   0x08001e48   0x00000134   Code   RO         1006    i.prvProcessReceivedCommands  timers.o
    0x08001f7c   0x08001f7c   0x00000074   Code   RO         1007    i.prvProcessTimerOrBlockTask  timers.o
    0x08001ff0   0x08001ff0   0x00000034   Code   RO          668    i.prvResetNextTaskUnblockTime  tasks.o
    0x08002024   0x08002024   0x0000002c   Code   RO         1008    i.prvSampleTimeNow  timers.o
    0x08002050   0x08002050   0x000000c0   Code   RO         1009    i.prvSwitchTimerLists  timers.o
    0x08002110   0x08002110   0x0000006c   Code   RO            2    i.prvTaskExitError  port.o
    0x0800217c   0x0800217c   0x0000001a   Code   RO         1010    i.prvTimerTask      timers.o
    0x08002196   0x08002196   0x00000092   Code   RO          426    i.prvUnlockQueue    queue.o
    0x08002228   0x08002228   0x00000020   Code   RO          670    i.pvTaskIncrementMutexHeldCount  tasks.o
    0x08002248   0x08002248   0x00000024   Code   RO            3    i.pxPortInitialiseStack  port.o
    0x0800226c   0x0800226c   0x00000028   Code   RO          378    i.uxListRemove      list.o
    0x08002294   0x08002294   0x00000018   Code   RO         4233    i.vApplicationGetIdleTaskMemory  main.o
    0x080022ac   0x080022ac   0x00000018   Code   RO         4234    i.vApplicationGetTimerTaskMemory  main.o
    0x080022c4   0x080022c4   0x0000001a   Code   RO          379    i.vListInitialise   list.o
    0x080022de   0x080022de   0x00000006   Code   RO          380    i.vListInitialiseItem  list.o
    0x080022e4   0x080022e4   0x00000034   Code   RO          381    i.vListInsert       list.o
    0x08002318   0x08002318   0x00000018   Code   RO          382    i.vListInsertEnd    list.o
    0x08002330   0x08002330   0x00000084   Code   RO            5    i.vPortEnterCritical  port.o
    0x080023b4   0x080023b4   0x0000006c   Code   RO            6    i.vPortExitCritical  port.o
    0x08002420   0x08002420   0x000000b4   Code   RO          201    i.vPortFree         heap_4.o
    0x080024d4   0x080024d4   0x0000005c   Code   RO            7    i.vPortSetupTimerInterrupt  port.o
    0x08002530   0x08002530   0x0000014c   Code   RO            8    i.vPortSuppressTicksAndSleep  port.o
    0x0800267c   0x0800267c   0x0000009c   Code   RO            9    i.vPortValidateInterruptPriority  port.o
    0x08002718   0x08002718   0x0000002c   Code   RO          430    i.vQueueAddToRegistry  queue.o
    0x08002744   0x08002744   0x0000004a   Code   RO          433    i.vQueueWaitForMessageRestricted  queue.o
    0x0800278e   0x0800278e   0x00000002   PAD
    0x08002790   0x08002790   0x00000078   Code   RO          676    i.vTaskDelay        tasks.o
    0x08002808   0x08002808   0x00000110   Code   RO          678    i.vTaskDelete       tasks.o
    0x08002918   0x08002918   0x0000000c   Code   RO          680    i.vTaskMissedYield  tasks.o
    0x08002924   0x08002924   0x00000058   Code   RO          682    i.vTaskPlaceOnEventList  tasks.o
    0x0800297c   0x0800297c   0x00000060   Code   RO          683    i.vTaskPlaceOnEventListRestricted  tasks.o
    0x080029dc   0x080029dc   0x000000b0   Code   RO          685    i.vTaskPriorityInherit  tasks.o
    0x08002a8c   0x08002a8c   0x00000050   Code   RO          688    i.vTaskSetTimeOutState  tasks.o
    0x08002adc   0x08002adc   0x000000d8   Code   RO          689    i.vTaskStartScheduler  tasks.o
    0x08002bb4   0x08002bb4   0x00000064   Code   RO          690    i.vTaskStepTick     tasks.o
    0x08002c18   0x08002c18   0x00000010   Code   RO          692    i.vTaskSuspendAll   tasks.o
    0x08002c28   0x08002c28   0x000000ac   Code   RO          693    i.vTaskSwitchContext  tasks.o
    0x08002cd4   0x08002cd4   0x000000a0   Code   RO           10    i.xPortStartScheduler  port.o
    0x08002d74   0x08002d74   0x00000034   Code   RO           11    i.xPortSysTickHandler  port.o
    0x08002da8   0x08002da8   0x000000d4   Code   RO          441    i.xQueueGenericCreateStatic  queue.o
    0x08002e7c   0x08002e7c   0x000001cc   Code   RO          442    i.xQueueGenericReceive  queue.o
    0x08003048   0x08003048   0x000000b4   Code   RO          443    i.xQueueGenericReset  queue.o
    0x080030fc   0x080030fc   0x000001c8   Code   RO          444    i.xQueueGenericSend  queue.o
    0x080032c4   0x080032c4   0x00000114   Code   RO          445    i.xQueueGenericSendFromISR  queue.o
    0x080033d8   0x080033d8   0x000000a4   Code   RO          694    i.xTaskCheckForTimeOut  tasks.o
    0x0800347c   0x0800347c   0x000000a4   Code   RO          696    i.xTaskCreateStatic  tasks.o
    0x08003520   0x08003520   0x00000020   Code   RO          700    i.xTaskGetSchedulerState  tasks.o
    0x08003540   0x08003540   0x0000000c   Code   RO          701    i.xTaskGetTickCount  tasks.o
    0x0800354c   0x0800354c   0x00000164   Code   RO          703    i.xTaskIncrementTick  tasks.o
    0x080036b0   0x080036b0   0x000000dc   Code   RO          706    i.xTaskPriorityDisinherit  tasks.o
    0x0800378c   0x0800378c   0x000000bc   Code   RO          707    i.xTaskRemoveFromEventList  tasks.o
    0x08003848   0x08003848   0x00000124   Code   RO          709    i.xTaskResumeAll    tasks.o
    0x0800396c   0x0800396c   0x0000009c   Code   RO         1015    i.xTimerCreateTimerTask  timers.o
    0x08003a08   0x08003a08   0x000000a8   Code   RO         1016    i.xTimerGenericCommand  timers.o
    0x08003ab0   0x08003ab0   0x00000004   Data   RO         4416    .constdata          c_w.l(sys_io.o)
    0x08003ab4   0x08003ab4   0x00000004   Data   RO         4417    .constdata          c_w.l(sys_io.o)
    0x08003ab8   0x08003ab8   0x00000004   Data   RO         4418    .constdata          c_w.l(sys_io.o)
    0x08003abc   0x08003abc   0x00000020   Data   RO         4695    Region$$Table       anon$$obj.o


    Execution Region RW_IRAM1 (Exec base: 0x20000000, Load base: 0x08003adc, Size: 0x000017b0, Max: 0x00010000, ABSOLUTE)

    Exec Addr    Load Addr    Size         Type   Attr      Idx    E Section Name        Object

    0x20000000   0x08003adc   0x00000018   Data   RW           12    .data               port.o
    0x20000018   0x08003af4   0x00000018   Data   RW          206    .data               heap_4.o
    0x20000030   0x08003b0c   0x0000003c   Data   RW          712    .data               tasks.o
    0x2000006c   0x08003b48   0x00000014   Data   RW         1024    .data               timers.o
    0x20000080   0x08003b5c   0x00000014   Data   RW         1162    .data               system_stm32f10x.o
    0x20000094   0x08003b70   0x00000014   Data   RW         2789    .data               stm32f10x_rcc.o
    0x200000a8   0x08003b84   0x00000008   Data   RW         4236    .data               main.o
    0x200000b0   0x08003b8c   0x00000004   Data   RW         4385    .data               c_w.l(stdio_streams.o)
    0x200000b4   0x08003b90   0x00000004   Data   RW         4386    .data               c_w.l(stdio_streams.o)
    0x200000b8   0x08003b94   0x00000004   Data   RW         4387    .data               c_w.l(stdio_streams.o)
    0x200000bc        -       0x00000050   Zero   RW          456    .bss                queue.o
    0x2000010c        -       0x000002e4   Zero   RW          711    .bss                tasks.o
    0x200003f0        -       0x00000114   Zero   RW         1023    .bss                timers.o
    0x20000504        -       0x00000b50   Zero   RW         4235    .bss                main.o
    0x20001054        -       0x00000054   Zero   RW         4382    .bss                c_w.l(stdio_streams.o)
    0x200010a8        -       0x00000054   Zero   RW         4383    .bss                c_w.l(stdio_streams.o)
    0x200010fc        -       0x00000054   Zero   RW         4384    .bss                c_w.l(stdio_streams.o)
    0x20001150        -       0x00000060   Zero   RW         4569    .bss                c_w.l(libspace.o)
    0x200011b0        -       0x00000200   Zero   RW         1142    HEAP                startup_stm32f10x_hd.o
    0x200013b0        -       0x00000400   Zero   RW         1141    STACK               startup_stm32f10x_hd.o


==============================================================================

Image component sizes


      Code (inc. data)   RO Data    RW Data    ZI Data      Debug   Object Name

        76          8          0          0          0        490   bsp_led.o
       164         12          0          0          0       2787   bsp_usart.o
         0          0          0          0          0      16908   event_groups.o
       284         68          0         24          0      18292   heap_4.o
       148          0          0          0          0       3006   list.o
       476        258          0          8       2896       3736   main.o
        20         10          0          0          0        519   misc.o
      1326        326          0         24          0     243926   port.o
      2276        260          0          0         80      15299   queue.o
        64         26        304          0       1536        816   startup_stm32f10x_hd.o
       282          0          0          0          0       2663   stm32f10x_gpio.o
        36          0          0          0          0       2815   stm32f10x_it.o
       244         26          0         20          0       4017   stm32f10x_rcc.o
       274          6          0          0          0       4204   stm32f10x_usart.o
       328         28          0         20          0       2237   system_stm32f10x.o
      4000       1154          0         60        740      36367   tasks.o
      1386        342          0         20        276       8515   timers.o

    ----------------------------------------------------------------------
     11396       2524        336        176       5528     366597   Object Totals
         0          0         32          0          0          0   (incl. Generated)
        12          0          0          0          0          0   (incl. Padding)

    ----------------------------------------------------------------------

      Code (inc. data)   RO Data    RW Data    ZI Data      Debug   Library Member Name

         8          0          0          0          0         68   __main.o
       104          0          0          0          0         84   __printf.o
         0          0          0          0          0          0   __rtentry.o
        12          0          0          0          0          0   __rtentry2.o
         6          0          0          0          0          0   __rtentry4.o
        52          8          0          0          0          0   __scatter.o
        26          0          0          0          0          0   __scatter_copy.o
        28          0          0          0          0          0   __scatter_zi.o
        44          0          0          0          0        108   _printf_char.o
        48          6          0          0          0         96   _printf_char_common.o
        36          4          0          0          0         80   _printf_char_file.o
         6          0          0          0          0          0   _printf_d.o
       120         16          0          0          0         92   _printf_dec.o
       178          0          0          0          0         88   _printf_intcommon.o
         0          0          0          0          0          0   _printf_percent.o
         4          0          0          0          0          0   _printf_percent_end.o
         6          0          0          0          0          0   _printf_s.o
        82          0          0          0          0         80   _printf_str.o
        10          0          0          0          0         68   defsig_exit.o
        50          0          0          0          0         88   defsig_general.o
        80         58          0          0          0         76   defsig_rtmem_inner.o
        14          0          0          0          0         80   defsig_rtmem_outer.o
        52         38          0          0          0         76   defsig_rtred_inner.o
        14          0          0          0          0         80   defsig_rtred_outer.o
        18          0          0          0          0         80   exit.o
        76          0          0          0          0         88   fclose.o
         8          0          0          0          0         68   ferror.o
       236          4          0          0          0        128   fopen.o
       248          6          0          0          0         84   fseek.o
        66          0          0          0          0         76   ftell.o
        94          0          0          0          0         80   h1_alloc.o
        52          0          0          0          0         68   h1_extend.o
        78          0          0          0          0         80   h1_free.o
        14          0          0          0          0         84   h1_init.o
         6          0          0          0          0        152   heapauxi.o
         4          0          0          0          0        136   hguard.o
         0          0          0          0          0          0   indicate_semi.o
       138          0          0          0          0        168   init_alloc.o
       312         46          0          0          0        112   initio.o
         2          0          0          0          0          0   libinit.o
        14          0          0          0          0          0   libinit2.o
         2          0          0          0          0          0   libshutdown.o
         6          0          0          0          0          0   libshutdown2.o
         8          4          0          0         96         68   libspace.o
         0          0          0          0          0          0   maybetermalloc1.o
        24          4          0          0          0         84   noretval__2printf.o
         8          4          0          0          0         68   rt_errno_addr_intlibspace.o
         8          4          0          0          0         68   rt_heap_descriptor_intlibspace.o
        78          0          0          0          0         80   rt_memclr_w.o
       138          0          0          0          0         68   rt_memcpy_v6.o
       100          0          0          0          0         80   rt_memcpy_w.o
         2          0          0          0          0          0   rtexit.o
        10          0          0          0          0          0   rtexit2.o
        70          0          0          0          0         80   setvbuf.o
       240          6          0          0          0        156   stdio.o
         0          0          0         12        252          0   stdio_streams.o
        62          0          0          0          0         76   strlen.o
        12          4          0          0          0         68   sys_exit.o
       102          0         12          0          0        240   sys_io.o
        74          0          0          0          0         80   sys_stackheap_outer.o
        14          0          0          0          0         76   sys_wrch.o
         2          0          0          0          0         68   use_no_semi.o

    ----------------------------------------------------------------------
      3324        212         12         12        348       3928   Library Totals
        18          0          0          0          0          0   (incl. Padding)

    ----------------------------------------------------------------------

      Code (inc. data)   RO Data    RW Data    ZI Data      Debug   Library Name

      3306        212         12         12        348       3928   c_w.l

    ----------------------------------------------------------------------
      3324        212         12         12        348       3928   Library Totals

    ----------------------------------------------------------------------

==============================================================================


      Code (inc. data)   RO Data    RW Data    ZI Data      Debug   

     14720       2736        348        188       5876     363449   Grand Totals
     14720       2736        348        188       5876     363449   ELF Image Totals
     14720       2736        348        188          0          0   ROM Totals

==============================================================================

    Total RO  Size (Code + RO Data)                15068 (  14.71kB)
    Total RW  Size (RW Data + ZI Data)              6064 (   5.92kB)
    Total ROM Size (Code + RO Data + RW Data)      15256 (  14.90kB)

==============================================================================

